  CHK     include/linux/version.h
  CHK     include/generated/utsrelease.h
  HOSTCC  scripts/basic/fixdep
make[1]: `include/generated/mach-types.h' is up to date.
  CC      kernel/bounds.s
  GEN     include/generated/bounds.h
  CC      arch/arm/kernel/asm-offsets.s
  GEN     include/generated/asm-offsets.h
  CALL    scripts/checksyscalls.sh
  CC      scripts/mod/empty.o
  HOSTCC  scripts/mod/mk_elfconfig
  MKELF   scripts/mod/elfconfig.h
  HOSTCC  scripts/mod/file2alias.o
  HOSTCC  scripts/mod/modpost.o
  HOSTCC  scripts/mod/sumversion.o
  HOSTLD  scripts/mod/modpost
  HOSTCC  scripts/kallsyms
  HOSTCC  scripts/bin2c
  CC      init/main.o
  CHK     include/generated/compile.h
  UPD     include/generated/compile.h
  CC      init/version.o
  CC      init/do_mounts.o
  CC      init/do_mounts_initrd.o
  LD      init/mounts.o
  CC      init/initramfs.o
  CC      init/calibrate.o
  LD      init/built-in.o
  HOSTCC  usr/gen_init_cpio
  GEN     usr/initramfs_data.cpio
  AS      usr/initramfs_data.o
  LD      usr/built-in.o
  CC      arch/arm/vfp/vfpmodule.o
  AS      arch/arm/vfp/entry.o
  AS      arch/arm/vfp/vfphw.o
  CC      arch/arm/vfp/vfpsingle.o
  CC      arch/arm/vfp/vfpdouble.o
  LD      arch/arm/vfp/vfp.o
  LD      arch/arm/vfp/built-in.o
  CC      arch/arm/kernel/elf.o
  AS      arch/arm/kernel/entry-armv.o
  AS      arch/arm/kernel/entry-common.o
  CC      arch/arm/kernel/irq.o
  CC      arch/arm/kernel/process.o
  CC      arch/arm/kernel/ptrace.o
  CC      arch/arm/kernel/return_address.o
arch/arm/kernel/return_address.c:62:2: warning: #warning "TODO: return_address should use unwind tables" [-Wcpp]
  CC      arch/arm/kernel/setup.o
  CC      arch/arm/kernel/signal.o
  CC      arch/arm/kernel/sys_arm.o
  CC      arch/arm/kernel/stacktrace.o
  CC      arch/arm/kernel/time.o
  CC      arch/arm/kernel/traps.o
  CC      arch/arm/kernel/armksyms.o
  CC      arch/arm/kernel/module.o
  AS      arch/arm/kernel/sleep.o
  CC      arch/arm/kernel/thumbee.o
  CC      arch/arm/kernel/unwind.o
  CC      arch/arm/kernel/pmu.o
  CC      arch/arm/kernel/io.o
  AS      arch/arm/kernel/debug.o
  CC      arch/arm/kernel/early_printk.o
  LD      arch/arm/kernel/built-in.o
  AS      arch/arm/kernel/head.o
  CC      arch/arm/kernel/init_task.o
  LDS     arch/arm/kernel/vmlinux.lds
  CC      arch/arm/mm/dma-mapping.o
  CC      arch/arm/mm/extable.o
  CC      arch/arm/mm/fault.o
  CC      arch/arm/mm/init.o
  CC      arch/arm/mm/iomap.o
  CC      arch/arm/mm/fault-armv.o
  CC      arch/arm/mm/flush.o
  CC      arch/arm/mm/idmap.o
  CC      arch/arm/mm/ioremap.o
  CC      arch/arm/mm/mmap.o
  CC      arch/arm/mm/pgd.o
  CC      arch/arm/mm/mmu.o
  CC      arch/arm/mm/vmregion.o
  CC      arch/arm/mm/proc-syms.o
  CC      arch/arm/mm/alignment.o
arch/arm/mm/alignment.c: In function 'do_alignment':
arch/arm/mm/alignment.c:298:15: warning: 'offset.un' may be used uninitialized in this function [-Wmaybe-uninitialized]
arch/arm/mm/alignment.c:720:21: note: 'offset.un' was declared here
  CC      arch/arm/mm/highmem.o
  AS      arch/arm/mm/abort-ev7.o
  AS      arch/arm/mm/pabort-v7.o
  AS      arch/arm/mm/cache-v7.o
  CC      arch/arm/mm/copypage-v6.o
  CC      arch/arm/mm/context.o
  AS      arch/arm/mm/tlb-v7.o
  AS      arch/arm/mm/proc-v7.o
  LD      arch/arm/mm/built-in.o
  LD      arch/arm/common/built-in.o
  AS      arch/arm/mach-tcc88xx/cpu_early_init.o
  CC      arch/arm/mach-tcc88xx/time.o
  CC      arch/arm/mach-tcc88xx/irq.o
  CC      arch/arm/mach-tcc88xx/io.o
  CC      arch/arm/mach-tcc88xx/idle.o
  CC      arch/arm/mach-tcc88xx/clock.o
arch/arm/mach-tcc88xx/clock.c:564:19: warning: 'clk_dma' defined but not used [-Wunused-variable]
arch/arm/mach-tcc88xx/clock.c:967:19: warning: 'clk_sram' defined but not used [-Wunused-variable]
arch/arm/mach-tcc88xx/clock.c:1290:19: warning: 'clk_hsdma' defined but not used [-Wunused-variable]
  CC      arch/arm/mach-tcc88xx/tcc_ddr.o
  CC      arch/arm/mach-tcc88xx/pm.o
  CC      arch/arm/mach-tcc88xx/gpio.o
  CC      arch/arm/mach-tcc88xx/devices.o
  CC      arch/arm/mach-tcc88xx/tca_ckc.o
  CC      arch/arm/mach-tcc88xx/tca_adconv.o
  CC      arch/arm/mach-tcc88xx/tcc_adc.o
  AS      arch/arm/mach-tcc88xx/tcc_asm.o
  CC      arch/arm/mach-tcc88xx/tca_serial.o
  CC      arch/arm/mach-tcc88xx/tca_i2c.o
  CC      arch/arm/mach-tcc88xx/tca_spi.o
  CC      arch/arm/mach-tcc88xx/tca_tco.o
  CC      arch/arm/mach-tcc88xx/tca_tsif.o
  CC      arch/arm/mach-tcc88xx/tca_intr.o
  CC      arch/arm/mach-tcc88xx/cpufreq.o
  CC      arch/arm/mach-tcc88xx/tca_cipher.o
arch/arm/mach-tcc88xx/include/mach/tcc_pca953x.h:107:12: warning: 'tcc_pca953x_dummy' defined but not used [-Wunused-function]
arch/arm/mach-tcc88xx/tca_cipher.c: In function 'tca_cipher_decrypt':
arch/arm/mach-tcc88xx/tca_cipher.c:667:16: warning: ignoring return value of 'copy_from_user', declared with attribute warn_unused_result [-Wunused-result]
arch/arm/mach-tcc88xx/tca_cipher.c:708:14: warning: ignoring return value of 'copy_to_user', declared with attribute warn_unused_result [-Wunused-result]
arch/arm/mach-tcc88xx/tca_cipher.c: In function 'tca_cipher_encrypt':
arch/arm/mach-tcc88xx/tca_cipher.c:564:16: warning: ignoring return value of 'copy_from_user', declared with attribute warn_unused_result [-Wunused-result]
arch/arm/mach-tcc88xx/tca_cipher.c:602:14: warning: ignoring return value of 'copy_to_user', declared with attribute warn_unused_result [-Wunused-result]
  CC      arch/arm/mach-tcc88xx/board-tcc8800.o
  CC      arch/arm/mach-tcc88xx/board-tcc8800-gpio.o
  CC      arch/arm/mach-tcc88xx/board-tcc8800-keypad.o
  CC      arch/arm/mach-tcc88xx/board-tcc8800-power.o
  CC      arch/arm/mach-tcc88xx/board-tcc8800-panel.o
  CC      arch/arm/mach-tcc88xx/board-tcc8800-mmc.o
  CC      arch/arm/mach-tcc88xx/board-tcc8800-dxb.o
  CC      arch/arm/mach-tcc88xx/board-tcc8800-hdmi.o
  CC      arch/arm/mach-tcc88xx/board-tcc8800-camera.o
  CC      arch/arm/mach-tcc88xx/board-m801_88.o
  CC      arch/arm/mach-tcc88xx/board-m801_88-gpio.o
  CC      arch/arm/mach-tcc88xx/board-m801_88-keypad.o
  CC      arch/arm/mach-tcc88xx/board-m801_88-panel.o
  CC      arch/arm/mach-tcc88xx/board-m801_88-mmc.o
  CC      arch/arm/mach-tcc88xx/board-m801_88-dxb.o
  CC      arch/arm/mach-tcc88xx/board-m801_88-camera.o
  LD      arch/arm/mach-tcc88xx/built-in.o
  CC      arch/arm/plat-tcc/nand.o
  CC      arch/arm/plat-tcc/pmap.o
  LD      arch/arm/plat-tcc/built-in.o
  CC      kernel/sched.o
  CC      kernel/fork.o
  CC      kernel/exec_domain.o
  CC      kernel/panic.o
  CC      kernel/printk.o
  CC      kernel/cpu.o
  CC      kernel/exit.o
  CC      kernel/itimer.o
  TIMEC   kernel/timeconst.h
  CC      kernel/time.o
  CC      kernel/softirq.o
  CC      kernel/resource.o
  CC      kernel/sysctl.o
  CC      kernel/sysctl_binary.o
  CC      kernel/capability.o
  CC      kernel/ptrace.o
  CC      kernel/timer.o
  CC      kernel/user.o
  CC      kernel/signal.o
  CC      kernel/sys.o
  CC      kernel/kmod.o
  CC      kernel/workqueue.o
  CC      kernel/pid.o
  CC      kernel/rcupdate.o
  CC      kernel/extable.o
  CC      kernel/params.o
  CC      kernel/posix-timers.o
  CC      kernel/kthread.o
  CC      kernel/wait.o
  CC      kernel/kfifo.o
  CC      kernel/sys_ni.o
  CC      kernel/posix-cpu-timers.o
  CC      kernel/mutex.o
  CC      kernel/hrtimer.o
  CC      kernel/rwsem.o
  CC      kernel/nsproxy.o
  CC      kernel/srcu.o
  CC      kernel/semaphore.o
  CC      kernel/notifier.o
  CC      kernel/ksysfs.o
  CC      kernel/pm_qos_params.o
  CC      kernel/sched_clock.o
  CC      kernel/cred.o
  CC      kernel/async.o
  CC      kernel/range.o
  CC      kernel/jump_label.o
  CC      kernel/groups.o
  CC      kernel/freezer.o
  CC      kernel/sysctl_check.o
  CC      kernel/stacktrace.o
  CC      kernel/irq/irqdesc.o
  CC      kernel/irq/handle.o
  CC      kernel/irq/manage.o
  CC      kernel/irq/spurious.o
  CC      kernel/irq/resend.o
  CC      kernel/irq/chip.o
  CC      kernel/irq/dummychip.o
  CC      kernel/irq/devres.o
  CC      kernel/irq/autoprobe.o
  CC      kernel/irq/proc.o
  CC      kernel/irq/pm.o
  LD      kernel/irq/built-in.o
  CC      kernel/power/main.o
  CC      kernel/power/console.o
  CC      kernel/power/process.o
  CC      kernel/power/suspend.o
  CC      kernel/power/wakelock.o
  CC      kernel/power/userwakelock.o
  CC      kernel/power/earlysuspend.o
  CC      kernel/power/fbearlysuspend.o
  CC      kernel/power/poweroff.o
  LD      kernel/power/built-in.o
  CC      kernel/time/timekeeping.o
  CC      kernel/time/ntp.o
  CC      kernel/time/clocksource.o
  CC      kernel/time/jiffies.o
  CC      kernel/time/timer_list.o
  CC      kernel/time/timecompare.o
  CC      kernel/time/timeconv.o
  CC      kernel/time/posix-clock.o
  CC      kernel/time/clockevents.o
  CC      kernel/time/tick-common.o
  CC      kernel/time/tick-oneshot.o
  CC      kernel/time/tick-sched.o
  CC      kernel/time/timer_stats.o
  LD      kernel/time/built-in.o
  CC      kernel/mutex-debug.o
  CC      kernel/futex.o
  CC      kernel/rtmutex.o
  CC      kernel/rtmutex-debug.o
  CC      kernel/up.o
  CC      kernel/spinlock.o
  CC      kernel/uid16.o
  CC      kernel/module.o
  CC      kernel/kallsyms.o
  CC      kernel/cgroup.o
  CC      kernel/cgroup_freezer.o
  GZIP    kernel/config_data.gz
  IKCFG   kernel/config_data.h
  CC      kernel/configs.o
  CC      kernel/res_counter.o
  CC      kernel/hung_task.o
  CC      kernel/rcutree.o
  CC      kernel/utsname_sysctl.o
  CC      kernel/elfcore.o
  CC      kernel/cpu_pm.o
  LD      kernel/built-in.o
  CC      mm/filemap.o
  CC      mm/mempool.o
  CC      mm/oom_kill.o
  CC      mm/fadvise.o
  CC      mm/maccess.o
  CC      mm/page_alloc.o
  CC      mm/page-writeback.o
  CC      mm/readahead.o
  CC      mm/swap.o
  CC      mm/truncate.o
  CC      mm/vmscan.o
  CC      mm/shmem.o
  CC      mm/prio_tree.o
  CC      mm/util.o
  CC      mm/mmzone.o
  CC      mm/vmstat.o
  CC      mm/backing-dev.o
  CC      mm/page_isolation.o
  CC      mm/mm_init.o
  CC      mm/mmu_context.o
  CC      mm/percpu.o
  CC      mm/fremap.o
  CC      mm/highmem.o
  CC      mm/madvise.o
  CC      mm/memory.o
  CC      mm/mincore.o
  CC      mm/mlock.o
  CC      mm/mmap.o
  CC      mm/mprotect.o
  CC      mm/mremap.o
  CC      mm/msync.o
  CC      mm/rmap.o
  CC      mm/vmalloc.o
  CC      mm/pagewalk.o
  CC      mm/pgtable-generic.o
  CC      mm/init-mm.o
  CC      mm/bootmem.o
  CC      mm/memblock.o
  CC      mm/bounce.o
  CC      mm/dmapool.o
  CC      mm/ashmem.o
  CC      mm/slab.o
  LD      mm/built-in.o
  CC      fs/open.o
  CC      fs/read_write.o
  CC      fs/file_table.o
  CC      fs/super.o
  CC      fs/char_dev.o
  CC      fs/stat.o
  CC      fs/exec.o
  CC      fs/pipe.o
  CC      fs/namei.o
  CC      fs/fcntl.o
  CC      fs/ioctl.o
  CC      fs/readdir.o
  CC      fs/select.o
  CC      fs/fifo.o
  CC      fs/dcache.o
  CC      fs/inode.o
  CC      fs/attr.o
  CC      fs/bad_inode.o
  CC      fs/file.o
  CC      fs/filesystems.o
  CC      fs/namespace.o
  CC      fs/seq_file.o
  CC      fs/xattr.o
  CC      fs/libfs.o
  CC      fs/fs-writeback.o
  CC      fs/pnode.o
  CC      fs/drop_caches.o
  CC      fs/splice.o
  CC      fs/sync.o
  CC      fs/utimes.o
  CC      fs/stack.o
  CC      fs/fs_struct.o
  CC      fs/statfs.o
  CC      fs/buffer.o
  CC      fs/bio.o
  CC      fs/block_dev.o
  CC      fs/direct-io.o
  CC      fs/mpage.o
  CC      fs/ioprio.o
  CC      fs/debugfs/inode.o
  CC      fs/debugfs/file.o
  LD      fs/debugfs/debugfs.o
  LD      fs/debugfs/built-in.o
  CC      fs/devpts/inode.o
  LD      fs/devpts/devpts.o
  LD      fs/devpts/built-in.o
  CC      fs/ext2/balloc.o
  CC      fs/ext2/dir.o
  CC      fs/ext2/file.o
  CC      fs/ext2/ialloc.o
  CC      fs/ext2/inode.o
  CC      fs/ext2/ioctl.o
  CC      fs/ext2/namei.o
  CC      fs/ext2/super.o
  CC      fs/ext2/symlink.o
  CC      fs/ext2/xattr.o
  CC      fs/ext2/xattr_user.o
  CC      fs/ext2/xattr_trusted.o
  CC      fs/ext2/acl.o
  CC      fs/ext2/xattr_security.o
  LD      fs/ext2/ext2.o
  LD      fs/ext2/built-in.o
  CC      fs/ext4/balloc.o
  CC      fs/ext4/bitmap.o
  CC      fs/ext4/dir.o
  CC      fs/ext4/file.o
  CC      fs/ext4/fsync.o
  CC      fs/ext4/ialloc.o
  CC      fs/ext4/inode.o
  CC      fs/ext4/page-io.o
  CC      fs/ext4/ioctl.o
  CC      fs/ext4/namei.o
  CC      fs/ext4/super.o
  CC      fs/ext4/symlink.o
  CC      fs/ext4/hash.o
  CC      fs/ext4/resize.o
  CC      fs/ext4/extents.o
  CC      fs/ext4/ext4_jbd2.o
  CC      fs/ext4/migrate.o
  CC      fs/ext4/mballoc.o
  CC      fs/ext4/block_validity.o
  CC      fs/ext4/move_extent.o
  CC      fs/ext4/mmp.o
  LD      fs/ext4/ext4.o
  LD      fs/ext4/built-in.o
  CC      fs/fat/cache.o
  CC      fs/fat/dir.o
  CC      fs/fat/fatent.o
  CC      fs/fat/file.o
  CC      fs/fat/inode.o
  CC      fs/fat/misc.o
  CC      fs/fat/namei_vfat.o
  LD      fs/fat/fat.o
  LD      fs/fat/vfat.o
  LD      fs/fat/built-in.o
  CC      fs/fuse/dev.o
  CC      fs/fuse/dir.o
  CC      fs/fuse/file.o
  CC      fs/fuse/inode.o
  CC      fs/fuse/control.o
  LD      fs/fuse/fuse.o
  LD      fs/fuse/built-in.o
  CC      fs/jbd2/transaction.o
  CC      fs/jbd2/commit.o
  CC      fs/jbd2/recovery.o
  CC      fs/jbd2/checkpoint.o
  CC      fs/jbd2/revoke.o
  CC      fs/jbd2/journal.o
  LD      fs/jbd2/jbd2.o
  LD      fs/jbd2/built-in.o
  CC      fs/nls/nls_base.o
  CC      fs/nls/nls_cp437.o
  CC      fs/nls/nls_ascii.o
  CC      fs/nls/nls_iso8859-1.o
  CC      fs/nls/nls_utf8.o
  LD      fs/nls/built-in.o
  CC      fs/notify/fsnotify.o
  CC      fs/notify/notification.o
  CC      fs/notify/group.o
  CC      fs/notify/inode_mark.o
  CC      fs/notify/mark.o
  CC      fs/notify/vfsmount_mark.o
  LD      fs/notify/dnotify/built-in.o
  LD      fs/notify/fanotify/built-in.o
  CC      fs/notify/inotify/inotify_fsnotify.o
  CC      fs/notify/inotify/inotify_user.o
  LD      fs/notify/inotify/built-in.o
  LD      fs/notify/built-in.o
  CC      fs/partitions/check.o
  CC      fs/partitions/msdos.o
  CC      fs/partitions/efi.o
  LD      fs/partitions/built-in.o
  CC      fs/proc/mmu.o
  CC      fs/proc/task_mmu.o
  CC      fs/proc/inode.o
  CC      fs/proc/root.o
  CC      fs/proc/base.o
  CC      fs/proc/generic.o
  CC      fs/proc/array.o
  CC      fs/proc/proc_tty.o
  CC      fs/proc/cmdline.o
  CC      fs/proc/consoles.o
  CC      fs/proc/cpuinfo.o
  CC      fs/proc/devices.o
  CC      fs/proc/interrupts.o
  CC      fs/proc/loadavg.o
  CC      fs/proc/meminfo.o
  CC      fs/proc/stat.o
  CC      fs/proc/uptime.o
  CC      fs/proc/version.o
  CC      fs/proc/softirqs.o
  CC      fs/proc/namespaces.o
  CC      fs/proc/proc_sysctl.o
  CC      fs/proc/proc_net.o
  CC      fs/proc/kmsg.o
  CC      fs/proc/page.o
  LD      fs/proc/proc.o
  LD      fs/proc/built-in.o
  LD      fs/quota/built-in.o
  CC      fs/ramfs/inode.o
  CC      fs/ramfs/file-mmu.o
  LD      fs/ramfs/ramfs.o
  LD      fs/ramfs/built-in.o
  CC      fs/sysfs/inode.o
  CC      fs/sysfs/file.o
  CC      fs/sysfs/dir.o
  CC      fs/sysfs/symlink.o
  CC      fs/sysfs/mount.o
  CC      fs/sysfs/bin.o
  CC      fs/sysfs/group.o
  LD      fs/sysfs/built-in.o
  CC      fs/yaffs2/yaffs_ecc.o
  CC      fs/yaffs2/yaffs_vfs.o
  CC      fs/yaffs2/yaffs_guts.o
  CC      fs/yaffs2/yaffs_checkptrw.o
  CC      fs/yaffs2/yaffs_packedtags1.o
  CC      fs/yaffs2/yaffs_packedtags2.o
  CC      fs/yaffs2/yaffs_nand.o
  CC      fs/yaffs2/yaffs_tagscompat.o
  CC      fs/yaffs2/yaffs_tagsvalidity.o
  CC      fs/yaffs2/yaffs_mtdif.o
  CC      fs/yaffs2/yaffs_mtdif1.o
  CC      fs/yaffs2/yaffs_mtdif2.o
  CC      fs/yaffs2/yaffs_nameval.o
  CC      fs/yaffs2/yaffs_attribs.o
  CC      fs/yaffs2/yaffs_allocator.o
  CC      fs/yaffs2/yaffs_yaffs1.o
  CC      fs/yaffs2/yaffs_yaffs2.o
  CC      fs/yaffs2/yaffs_bitmap.o
  CC      fs/yaffs2/yaffs_verify.o
  LD      fs/yaffs2/yaffs.o
  LD      fs/yaffs2/built-in.o
  CC      fs/eventpoll.o
  CC      fs/anon_inodes.o
  CC      fs/signalfd.o
  CC      fs/timerfd.o
  CC      fs/eventfd.o
  CC      fs/aio.o
  CC      fs/locks.o
  CC      fs/binfmt_script.o
  CC      fs/binfmt_elf.o
  CC      fs/mbcache.o
  CC      fs/posix_acl.o
  CC      fs/xattr_acl.o
  LD      fs/built-in.o
  CC      ipc/util.o
  CC      ipc/msgutil.o
  CC      ipc/msg.o
  CC      ipc/sem.o
  CC      ipc/shm.o
  CC      ipc/ipcns_notifier.o
  CC      ipc/syscall.o
  CC      ipc/ipc_sysctl.o
  LD      ipc/built-in.o
  CC      security/commoncap.o
  CC      security/min_addr.o
  LD      security/built-in.o
  CC      crypto/api.o
  CC      crypto/cipher.o
  CC      crypto/compress.o
  CC      crypto/algapi.o
  CC      crypto/scatterwalk.o
  CC      crypto/proc.o
  CC      crypto/ablkcipher.o
  CC      crypto/blkcipher.o
  CC      crypto/ahash.o
  CC      crypto/shash.o
  CC      crypto/algboss.o
  CC      crypto/testmgr.o
  LD      crypto/crypto.o
  CC      crypto/crypto_wq.o
  LD      crypto/crypto_algapi.o
  CC      crypto/aead.o
  LD      crypto/crypto_blkcipher.o
  CC      crypto/chainiv.o
  CC      crypto/eseqiv.o
  LD      crypto/crypto_hash.o
  CC      crypto/pcompress.o
  LD      crypto/cryptomgr.o
  CC      crypto/hmac.o
  CC      crypto/md5.o
  CC      crypto/sha1_generic.o
  CC      crypto/ecb.o
  CC      crypto/cbc.o
  CC      crypto/des_generic.o
  CC      crypto/twofish_generic.o
  CC      crypto/twofish_common.o
  CC      crypto/aes_generic.o
  CC      crypto/arc4.o
  CC      crypto/deflate.o
  CC      crypto/crc32c.o
  CC      crypto/authenc.o
  CC      crypto/authencesn.o
  CC      crypto/rng.o
  CC      crypto/krng.o
  LD      crypto/built-in.o
  CC      block/elevator.o
  CC      block/blk-core.o
  CC      block/blk-tag.o
  CC      block/blk-sysfs.o
  CC      block/blk-flush.o
  CC      block/blk-settings.o
  CC      block/blk-ioc.o
  CC      block/blk-map.o
  CC      block/blk-exec.o
  CC      block/blk-merge.o
  CC      block/blk-softirq.o
  CC      block/blk-timeout.o
  CC      block/blk-iopoll.o
  CC      block/blk-lib.o
  CC      block/ioctl.o
  CC      block/genhd.o
  CC      block/scsi_ioctl.o
  CC      block/noop-iosched.o
  LD      block/built-in.o
  LD      drivers/auxdisplay/built-in.o
  CC      drivers/base/core.o
  CC      drivers/base/sys.o
  CC      drivers/base/bus.o
  CC      drivers/base/dd.o
  CC      drivers/base/syscore.o
  CC      drivers/base/driver.o
  CC      drivers/base/class.o
  CC      drivers/base/platform.o
  CC      drivers/base/cpu.o
  CC      drivers/base/firmware.o
  CC      drivers/base/init.o
  CC      drivers/base/map.o
  CC      drivers/base/devres.o
  CC      drivers/base/attribute_container.o
  CC      drivers/base/transport_class.o
  CC      drivers/base/power/sysfs.o
  CC      drivers/base/power/generic_ops.o
  CC      drivers/base/power/main.o
  CC      drivers/base/power/wakeup.o
  CC      drivers/base/power/clock_ops.o
  LD      drivers/base/power/built-in.o
  CC      drivers/base/dma-mapping.o
  CC      drivers/base/dma-coherent.o
  CC      drivers/base/firmware_class.o
  CC      drivers/base/module.o
  LD      drivers/base/built-in.o
  CC      drivers/block/loop.o
  LD      drivers/block/built-in.o
  LD      drivers/cdrom/built-in.o
  CC      drivers/char/mem.o
  CC      drivers/char/random.o
  CC      drivers/char/ttyprintk.o
  CC      drivers/char/misc.o
  CC      drivers/char/tccgrp.o
drivers/char/tccgrp.c: In function 'tccxxx_grp_ioctl':
drivers/char/tccgrp.c:1026:1: warning: the frame size of 1048 bytes is larger than 1024 bytes [-Wframe-larger-than=]
  CC      drivers/char/tcc_Gre2d.o
  CC      drivers/char/tcc_Gre2d_api.o
  CC      drivers/char/tcc_scaler.o
  CC      drivers/char/tcc_scaler_ctrl.o
  CC      drivers/char/tcc_scaler1.o
  CC      drivers/char/tcc_jpegenc.o
  CC      drivers/char/tcc_jpegenc_app.o
drivers/char/tcc_jpegenc_app.c: In function 'TCCXXX_JPEG_Make_Header':
drivers/char/tcc_jpegenc_app.c:1167:2: warning: large integer implicitly truncated to unsigned type [-Woverflow]
drivers/char/tcc_jpegenc_app.c: In function 'Make_JPEG_Enc_Info':
drivers/char/tcc_jpegenc_app.c:2416:2: warning: large integer implicitly truncated to unsigned type [-Woverflow]
drivers/char/tcc_jpegenc_app.c:2438:2: warning: large integer implicitly truncated to unsigned type [-Woverflow]
drivers/char/tcc_jpegenc_app.c:2453:2: warning: large integer implicitly truncated to unsigned type [-Woverflow]
drivers/char/tcc_jpegenc_app.c:2457:7: warning: large integer implicitly truncated to unsigned type [-Woverflow]
drivers/char/tcc_jpegenc_app.c:2489:2: warning: large integer implicitly truncated to unsigned type [-Woverflow]
drivers/char/tcc_jpegenc_app.c: In function 'Make_Thumbnail_Enc_Info':
drivers/char/tcc_jpegenc_app.c:2512:2: warning: large integer implicitly truncated to unsigned type [-Woverflow]
drivers/char/tcc_jpegenc_app.c:2516:2: warning: large integer implicitly truncated to unsigned type [-Woverflow]
drivers/char/tcc_jpegenc_app.c:2539:2: warning: large integer implicitly truncated to unsigned type [-Woverflow]
drivers/char/tcc_jpegenc_app.c:2554:2: warning: large integer implicitly truncated to unsigned type [-Woverflow]
drivers/char/tcc_jpegenc_app.c:2558:2: warning: large integer implicitly truncated to unsigned type [-Woverflow]
drivers/char/tcc_jpegenc_app.c:2590:2: warning: large integer implicitly truncated to unsigned type [-Woverflow]
  CC      drivers/char/tcc_cipher.o
arch/arm/mach-tcc88xx/include/mach/tcc_pca953x.h:107:12: warning: 'tcc_pca953x_dummy' defined but not used [-Wunused-function]
drivers/char/tcc_cipher.c: In function 'tcc_cipher_ioctl':
drivers/char/tcc_cipher.c:132:19: warning: ignoring return value of 'copy_from_user', declared with attribute warn_unused_result [-Wunused-result]
drivers/char/tcc_cipher.c:142:19: warning: ignoring return value of 'copy_from_user', declared with attribute warn_unused_result [-Wunused-result]
drivers/char/tcc_cipher.c:151:19: warning: ignoring return value of 'copy_from_user', declared with attribute warn_unused_result [-Wunused-result]
drivers/char/tcc_cipher.c:160:19: warning: ignoring return value of 'copy_from_user', declared with attribute warn_unused_result [-Wunused-result]
drivers/char/tcc_cipher.c:169:19: warning: ignoring return value of 'copy_from_user', declared with attribute warn_unused_result [-Wunused-result]
  CC      drivers/char/tcc_mem.o
  CC      drivers/char/hdmi/audio/audio.o
  LD      drivers/char/hdmi/audio/built-in.o
  CC      drivers/char/hdmi/cec/cec.o
drivers/char/hdmi/cec/tcc_cec_interface.h:309:25: warning: 'key_mapping' defined but not used [-Wunused-variable]
  CC      drivers/char/hdmi/cec/tcc_cec_interface.o
  LD      drivers/char/hdmi/cec/built-in.o
  CC      drivers/char/hdmi/hdmi/vwrapper.o
  CC      drivers/char/hdmi/hdmi/hdmi.o
drivers/char/hdmi/hdmi/hdmi.c:368:5: warning: initialization from incompatible pointer type [enabled by default]
drivers/char/hdmi/hdmi/hdmi.c:368:5: warning: (near initialization for 'hdmi_fops.unlocked_ioctl') [enabled by default]
  LD      drivers/char/hdmi/hdmi/hdmidrv.o
  LD      drivers/char/hdmi/hdmi/built-in.o
  CC      drivers/char/hdmi/hpd/hpd_gpio.o
  LD      drivers/char/hdmi/hpd/built-in.o
  LD      drivers/char/hdmi/built-in.o
  CC      drivers/char/tcc_dxb_ctrl/tcc_dxb_control.o
  LD      drivers/char/tcc_dxb_ctrl/built-in.o
  CC      drivers/char/tcc_intr.o
drivers/char/tcc_intr.c:156:2: warning: initialization from incompatible pointer type [enabled by default]
drivers/char/tcc_intr.c:156:2: warning: (near initialization for 'intr_bc_fops.unlocked_ioctl') [enabled by default]
  CC      drivers/char/tcc_clockctrl.o
  LD      drivers/char/built-in.o
  LD      drivers/clk/built-in.o
  LD      drivers/clocksource/built-in.o
  CC      drivers/cpufreq/cpufreq.o
  CC      drivers/cpufreq/cpufreq_stats.o
  CC      drivers/cpufreq/cpufreq_performance.o
  CC      drivers/cpufreq/cpufreq_ondemand.o
  CC      drivers/cpufreq/cpufreq_interactive.o
  CC      drivers/cpufreq/freq_table.o
  LD      drivers/cpufreq/built-in.o
  LD      drivers/crypto/built-in.o
  LD      drivers/firewire/built-in.o
  LD      drivers/firmware/built-in.o
  CC      drivers/gpio/gpiolib.o
  LD      drivers/gpio/built-in.o
  CC      drivers/gps/gpio.o
drivers/gps/gpio.c:221:5: warning: initialization from incompatible pointer type [enabled by default]
drivers/gps/gpio.c:221:5: warning: (near initialization for 'gps_gpio_fops.unlocked_ioctl') [enabled by default]
  LD      drivers/gps/built-in.o
  LD      drivers/gpu/drm/i2c/built-in.o
  LD      drivers/gpu/drm/built-in.o
  LD      drivers/gpu/ion/built-in.o
  CC      drivers/gpu/mali/mali/common/mali_kernel_core.o
  CC      drivers/gpu/mali/mali/linux/mali_kernel_linux.o
  CC      drivers/gpu/mali/mali/linux/mali_osk_indir_mmap.o
  CC      drivers/gpu/mali/mali/common/mali_kernel_descriptor_mapping.o
  CC      drivers/gpu/mali/mali/common/mali_session.o
  CC      drivers/gpu/mali/mali/common/mali_device_pause_resume.o
  CC      drivers/gpu/mali/mali/common/mali_kernel_vsync.o
  CC      drivers/gpu/mali/mali/linux/mali_ukk_vsync.o
  CC      drivers/gpu/mali/mali/linux/mali_kernel_sysfs.o
  CC      drivers/gpu/mali/mali/common/mali_mmu.o
  CC      drivers/gpu/mali/mali/common/mali_mmu_page_directory.o
  CC      drivers/gpu/mali/mali/common/mali_memory.o
  CC      drivers/gpu/mali/mali/common/mali_kernel_memory_engine.o
  CC      drivers/gpu/mali/mali/common/mali_block_allocator.o
  CC      drivers/gpu/mali/mali/common/mali_kernel_mem_os.o
  CC      drivers/gpu/mali/mali/common/mali_mem_validation.o
  CC      drivers/gpu/mali/mali/common/mali_hw_core.o
  CC      drivers/gpu/mali/mali/common/mali_gp.o
  CC      drivers/gpu/mali/mali/common/mali_pp.o
  CC      drivers/gpu/mali/mali/common/mali_pp_job.o
  CC      drivers/gpu/mali/mali/common/mali_gp_job.o
  CC      drivers/gpu/mali/mali/common/mali_scheduler.o
  CC      drivers/gpu/mali/mali/common/mali_gp_scheduler.o
  CC      drivers/gpu/mali/mali/common/mali_pp_scheduler.o
  CC      drivers/gpu/mali/mali/common/mali_cluster.o
  CC      drivers/gpu/mali/mali/common/mali_group.o
  CC      drivers/gpu/mali/mali/common/mali_dlbu.o
  CC      drivers/gpu/mali/mali/common/mali_pm.o
  CC      drivers/gpu/mali/mali/common/mali_pmu.o
  CC      drivers/gpu/mali/mali/common/mali_user_settings_db.o
  CC      drivers/gpu/mali/mali/linux/mali_osk_pm.o
  CC      drivers/gpu/mali/mali/linux/mali_kernel_pm.o
  CC      drivers/gpu/mali/mali/linux/mali_pmu_power_up_down.o
  CC      drivers/gpu/mali/mali/platform/tcc-m200/mali_platform.o
  CC      drivers/gpu/mali/mali/linux/mali_osk_atomics.o
  CC      drivers/gpu/mali/mali/linux/mali_osk_irq.o
  CC      drivers/gpu/mali/mali/linux/mali_osk_locks.o
  CC      drivers/gpu/mali/mali/linux/mali_osk_wait_queue.o
  CC      drivers/gpu/mali/mali/linux/mali_osk_low_level_mem.o
  CC      drivers/gpu/mali/mali/linux/mali_osk_math.o
  CC      drivers/gpu/mali/mali/linux/mali_osk_memory.o
  CC      drivers/gpu/mali/mali/linux/mali_osk_misc.o
  CC      drivers/gpu/mali/mali/linux/mali_osk_mali.o
  CC      drivers/gpu/mali/mali/linux/mali_osk_notification.o
  CC      drivers/gpu/mali/mali/linux/mali_osk_time.o
  CC      drivers/gpu/mali/mali/linux/mali_osk_timers.o
  CC      drivers/gpu/mali/mali/linux/mali_ukk_mem.o
  CC      drivers/gpu/mali/mali/linux/mali_ukk_gp.o
  CC      drivers/gpu/mali/mali/linux/mali_ukk_pp.o
  CC      drivers/gpu/mali/mali/linux/mali_ukk_core.o
  CC      drivers/gpu/mali/mali/common/mali_l2_cache.o
  LD      drivers/gpu/mali/mali/mali.o
  LD      drivers/gpu/mali/mali/built-in.o
  CC      drivers/gpu/mali/ump/common/ump_kernel_common.o
  CC      drivers/gpu/mali/ump/common/ump_kernel_descriptor_mapping.o
  CC      drivers/gpu/mali/ump/common/ump_kernel_api.o
  CC      drivers/gpu/mali/ump/common/ump_kernel_ref_drv.o
  CC      drivers/gpu/mali/ump/linux/ump_kernel_linux.o
  CC      drivers/gpu/mali/ump/linux/ump_kernel_memory_backend_os.o
  CC      drivers/gpu/mali/ump/linux/ump_kernel_memory_backend_dedicated.o
  CC      drivers/gpu/mali/ump/linux/ump_memory_backend.o
  CC      drivers/gpu/mali/ump/linux/ump_ukk_wrappers.o
  CC      drivers/gpu/mali/ump/linux/ump_ukk_ref_wrappers.o
  CC      drivers/gpu/mali/ump/linux/ump_osk_atomics.o
  CC      drivers/gpu/mali/ump/linux/ump_osk_low_level_mem.o
  CC      drivers/gpu/mali/ump/linux/ump_osk_misc.o
  LD      drivers/gpu/mali/ump/ump.o
  LD      drivers/gpu/mali/ump/built-in.o
  LD      drivers/gpu/mali/built-in.o
  LD      drivers/gpu/stub/built-in.o
  LD      drivers/gpu/vga/built-in.o
  LD      drivers/gpu/built-in.o
  CC      drivers/hid/hid-debug.o
  CC      drivers/hid/hid-core.o
  CC      drivers/hid/hid-input.o
  LD      drivers/hid/hid.o
  CC      drivers/hid/usbhid/hid-core.o
  CC      drivers/hid/usbhid/hid-quirks.o
  LD      drivers/hid/usbhid/usbhid.o
  LD      drivers/hid/usbhid/built-in.o
  LD      drivers/hid/built-in.o
  CC      drivers/i2c/i2c-boardinfo.o
  CC      drivers/i2c/i2c-core.o
  CC      drivers/i2c/i2c-dev.o
  LD      drivers/i2c/algos/built-in.o
  CC      drivers/i2c/busses/i2c-tcc.o
drivers/i2c/busses/i2c-tcc.c: In function 'tcc_i2c_xfer':
drivers/i2c/busses/i2c-tcc.c:254:6: warning: 'ret' may be used uninitialized in this function [-Wmaybe-uninitialized]
  LD      drivers/i2c/busses/built-in.o
  LD      drivers/i2c/muxes/built-in.o
  LD      drivers/i2c/built-in.o
  LD      drivers/idle/built-in.o
  LD      drivers/ieee802154/built-in.o
  CC      drivers/input/input.o
  CC      drivers/input/input-compat.o
  CC      drivers/input/input-mt.o
  CC      drivers/input/ff-core.o
  LD      drivers/input/input-core.o
  CC      drivers/input/input-polldev.o
  CC      drivers/input/evdev.o
  CC      drivers/input/keyboard/tcc_keypad.o
  CC      drivers/input/keyboard/tca_keypad.o
drivers/input/keyboard/tca_keypad.c:68:9: warning: large integer implicitly truncated to unsigned type [-Woverflow]
  LD      drivers/input/keyboard/tcc_keypad_m.o
  LD      drivers/input/keyboard/built-in.o
  CC      drivers/input/misc/gpio_event.o
  CC      drivers/input/misc/gpio_matrix.o
  CC      drivers/input/misc/gpio_input.o
  CC      drivers/input/misc/gpio_output.o
  CC      drivers/input/misc/gpio_axis.o
  CC      drivers/input/misc/keychord.o
  CC      drivers/input/misc/uinput.o
  LD      drivers/input/misc/built-in.o
  LD      drivers/input/touchscreen/built-in.o
  CC      drivers/input/keyreset.o
  LD      drivers/input/built-in.o
  CC      drivers/leds/led-core.o
  CC      drivers/leds/led-class.o
  CC      drivers/leds/led-triggers.o
  CC      drivers/leds/leds-gpio.o
  CC      drivers/leds/ledtrig-timer.o
  CC      drivers/leds/ledtrig-heartbeat.o
  LD      drivers/leds/built-in.o
  LD      drivers/lguest/built-in.o
  LD      drivers/macintosh/built-in.o
  CC      drivers/md/dm-uevent.o
  CC      drivers/md/dm.o
drivers/md/dm.c: In function 'split_bvec':
drivers/md/dm.c:1060:3: warning: statement with no effect [-Wunused-value]
drivers/md/dm.c: In function 'clone_bio':
drivers/md/dm.c:1087:3: warning: statement with no effect [-Wunused-value]
  CC      drivers/md/dm-table.o
drivers/md/dm-table.c: In function 'dm_table_set_integrity':
drivers/md/dm-table.c:1188:3: warning: statement with no effect [-Wunused-value]
  CC      drivers/md/dm-target.o
  CC      drivers/md/dm-linear.o
  CC      drivers/md/dm-stripe.o
  CC      drivers/md/dm-ioctl.o
  CC      drivers/md/dm-io.o
  CC      drivers/md/dm-kcopyd.o
  CC      drivers/md/dm-sysfs.o
  LD      drivers/md/dm-mod.o
  CC      drivers/md/dm-crypt.o
  LD      drivers/md/built-in.o
  CC      drivers/media/common/tuners/tuner-xc2028.o
  CC      drivers/media/common/tuners/tuner-simple.o
  CC      drivers/media/common/tuners/tuner-types.o
  CC      drivers/media/common/tuners/mt20xx.o
  CC      drivers/media/common/tuners/tda8290.o
  CC      drivers/media/common/tuners/tea5767.o
  CC      drivers/media/common/tuners/tea5761.o
  CC      drivers/media/common/tuners/tda9887.o
  CC      drivers/media/common/tuners/tda827x.o
  CC      drivers/media/common/tuners/tda18271-maps.o
  CC      drivers/media/common/tuners/tda18271-common.o
  CC      drivers/media/common/tuners/tda18271-fe.o
  LD      drivers/media/common/tuners/tda18271.o
  CC      drivers/media/common/tuners/xc5000.o
  CC      drivers/media/common/tuners/mc44s803.o
  LD      drivers/media/common/tuners/built-in.o
  LD      drivers/media/common/built-in.o
  LD      drivers/media/radio/built-in.o
  LD      drivers/media/rc/keymaps/built-in.o
  LD      drivers/media/rc/built-in.o
  CC      drivers/media/video/v4l2-dev.o
  CC      drivers/media/video/v4l2-ioctl.o
  CC      drivers/media/video/v4l2-device.o
  CC      drivers/media/video/v4l2-fh.o
  CC      drivers/media/video/v4l2-event.o
  CC      drivers/media/video/v4l2-ctrls.o
  CC      drivers/media/video/v4l2-subdev.o
  LD      drivers/media/video/videodev.o
  CC      drivers/media/video/v4l2-int-device.o
  CC      drivers/media/video/v4l2-common.o
  CC      drivers/media/video/videobuf-core.o
  CC      drivers/media/video/videobuf-dma-sg.o
  CC      drivers/media/video/videobuf-vmalloc.o
  LD      drivers/media/video/davinci/built-in.o
  LD      drivers/media/video/gspca/built-in.o
  CC      drivers/media/video/tcccam/camera_core.o
drivers/media/video/tcccam/camera_core.c: In function 'camera_core_do_ioctl':
drivers/media/video/tcccam/camera_core.c:841:4: warning: passing argument 1 of 'sensor_if_get_max_resolution' makes integer from pointer without a cast [enabled by default]
drivers/media/video/tcccam/sensor_if.h:247:12: note: expected 'int' but argument is of type 'int *'
drivers/media/video/tcccam/camera_core.c:847:4: warning: passing argument 1 of 'tcc_videobuf_get_zoom_support' makes integer from pointer without a cast [enabled by default]
drivers/media/video/tcccam/camera_core.c:647:5: note: expected 'int' but argument is of type 'int *'
drivers/media/video/tcccam/camera_core.c: In function 'tcc92xx_camera_early_suspend':
drivers/media/video/tcccam/camera_core.c:1321:2: warning: statement with no effect [-Wunused-value]
drivers/media/video/tcccam/camera_core.c: In function 'tcc92xx_camera_late_resume':
drivers/media/video/tcccam/camera_core.c:1326:2: warning: statement with no effect [-Wunused-value]
  CC      drivers/media/video/tcccam/tcc_cam.o
drivers/media/video/tcccam/tcc_cam.c: In function 'cif_cam_isr':
drivers/media/video/tcccam/tcc_cam.c:710:17: warning: comparison of distinct pointer types lacks a cast [enabled by default]
drivers/media/video/tcccam/tcc_cam.c: In function 'tccxxx_cif_cam_restart':
drivers/media/video/tcccam/tcc_cam.c:2304:41: warning: unused variable 'uv_offset' [-Wunused-variable]
drivers/media/video/tcccam/tcc_cam.c:2304:27: warning: unused variable 'y_offset' [-Wunused-variable]
drivers/media/video/tcccam/tcc_cam.c:2304:15: warning: unused variable 'stride' [-Wunused-variable]
drivers/media/video/tcccam/tcc_cam.c: In function 'tccxxx_cif_start_stream':
drivers/media/video/tcccam/tcc_cam.c:2384:41: warning: unused variable 'uv_offset' [-Wunused-variable]
drivers/media/video/tcccam/tcc_cam.c:2384:27: warning: unused variable 'y_offset' [-Wunused-variable]
drivers/media/video/tcccam/tcc_cam.c:2384:15: warning: unused variable 'stride' [-Wunused-variable]
drivers/media/video/tcccam/tcc_cam.c: In function 'tccxxx_cif_stop_stream':
drivers/media/video/tcccam/tcc_cam.c:2535:6: warning: unused variable 'nCnt' [-Wunused-variable]
drivers/media/video/tcccam/tcc_cam.c: In function 'tccxxx_cif_capture':
drivers/media/video/tcccam/tcc_cam.c:2684:22: warning: unused variable 'nCnt' [-Wunused-variable]
drivers/media/video/tcccam/tcc_cam.c: In function 'tccxxx_cif_buffer_set':
drivers/media/video/tcccam/tcc_cam.c:2131:22: warning: 'buff_size' may be used uninitialized in this function [-Wmaybe-uninitialized]
  CC      drivers/media/video/tcccam/cam.o
  CC      drivers/media/video/tcccam/tdd_cif.o
  CC      drivers/media/video/tcccam/sensor_if.o
drivers/media/video/tcccam/sensor_if.c: In function 'sensor_if_init':
drivers/media/video/tcccam/sensor_if.c:612:12: warning: unused variable 'gpio_ret' [-Wunused-variable]
  CC      drivers/media/video/tcccam/tcc_cam_i2c.o
drivers/media/video/tcccam/tcc_cam_i2c.c:25:12: warning: 'debug' defined but not used [-Wunused-variable]
  CC      drivers/media/video/tcccam/ov7690_vga.o
drivers/media/video/tcccam/ov7690_vga.c: In function 'write_regs_ov7690':
drivers/media/video/tcccam/ov7690_vga.c:500:28: warning: initialization discards 'const' qualifier from pointer target type [enabled by default]
  LD      drivers/media/video/tcccam/built-in.o
  LD      drivers/media/video/built-in.o
  LD      drivers/media/built-in.o
  LD      drivers/mfd/built-in.o
  CC      drivers/misc/uid_stat.o
  LD      drivers/misc/carma/built-in.o
  LD      drivers/misc/cb710/built-in.o
  LD      drivers/misc/eeprom/built-in.o
  LD      drivers/misc/lis3lv02d/built-in.o
  LD      drivers/misc/ti-st/built-in.o
  LD      drivers/misc/built-in.o
  CC      drivers/mmc/card/block.o
  CC      drivers/mmc/card/queue.o
  LD      drivers/mmc/card/mmc_block.o
  LD      drivers/mmc/card/built-in.o
  CC      drivers/mmc/core/core.o
  CC      drivers/mmc/core/bus.o
  CC      drivers/mmc/core/host.o
  CC      drivers/mmc/core/mmc.o
  CC      drivers/mmc/core/mmc_ops.o
  CC      drivers/mmc/core/sd.o
  CC      drivers/mmc/core/sd_ops.o
  CC      drivers/mmc/core/sdio.o
  CC      drivers/mmc/core/sdio_ops.o
  CC      drivers/mmc/core/sdio_bus.o
  CC      drivers/mmc/core/sdio_cis.o
  CC      drivers/mmc/core/sdio_io.o
  CC      drivers/mmc/core/sdio_irq.o
  CC      drivers/mmc/core/quirks.o
  CC      drivers/mmc/core/debugfs.o
  LD      drivers/mmc/core/mmc_core.o
  LD      drivers/mmc/core/built-in.o
  CC      drivers/mmc/host/tcc_sdhc.o
  LD      drivers/mmc/host/built-in.o
  LD      drivers/mmc/built-in.o
  CC      drivers/mtd/mtdcore.o
  CC      drivers/mtd/mtdsuper.o
  CC      drivers/mtd/mtdconcat.o
  CC      drivers/mtd/mtdpart.o
  LD      drivers/mtd/mtd.o
  CC      drivers/mtd/cmdlinepart.o
  CC      drivers/mtd/mtdchar.o
  CC      drivers/mtd/mtd_blkdevs.o
  CC      drivers/mtd/mtdblock.o
  CC      drivers/mtd/chips/chipreg.o
  LD      drivers/mtd/chips/built-in.o
  LD      drivers/mtd/devices/built-in.o
  LD      drivers/mtd/lpddr/built-in.o
  LD      drivers/mtd/maps/built-in.o
  CC      drivers/mtd/nand/nand_ids.o
  LD      drivers/mtd/nand/built-in.o
  LD      drivers/mtd/onenand/built-in.o
  LD      drivers/mtd/tests/built-in.o
  LD      drivers/mtd/built-in.o
  CC      drivers/net/Space.o
  CC      drivers/net/loopback.o
  CC      drivers/net/ppp_generic.o
  CC      drivers/net/ppp_async.o
  CC      drivers/net/ppp_deflate.o
  CC      drivers/net/bsd_comp.o
  CC      drivers/net/ppp_mppe.o
  CC      drivers/net/pppox.o
  CC      drivers/net/pppolac.o
  CC      drivers/net/pppopns.o
  CC      drivers/net/slhc.o
  CC      drivers/net/dummy.o
  LD      drivers/net/arm/built-in.o
  LD      drivers/net/wireless/built-in.o
  LD      drivers/net/built-in.o
  LD      drivers/nfc/built-in.o
  LD      drivers/platform/built-in.o
  CC      drivers/power/power_supply_core.o
  CC      drivers/power/power_supply_sysfs.o
  CC      drivers/power/power_supply_leds.o
  LD      drivers/power/power_supply.o
  CC      drivers/power/tcc_battery.o
drivers/power/tcc_battery.c:212:1: warning: data definition has no type or storage class [enabled by default]
drivers/power/tcc_battery.c:212:1: warning: type defaults to 'int' in declaration of 'tcc_battery_charging_status' [-Wimplicit-int]
drivers/power/tcc_battery.c:287:2: warning: initialization from incompatible pointer type [enabled by default]
drivers/power/tcc_battery.c:287:2: warning: (near initialization for 'usb_status_notifier.notifier_call') [enabled by default]
drivers/power/tcc_battery.c: In function 'tcc_is_full_charge':
drivers/power/tcc_battery.c:550:9: warning: 'return' with a value, in function returning void [enabled by default]
drivers/power/tcc_battery.c: In function 'tcc_read_adc':
drivers/power/tcc_battery.c:640:18: warning: assignment discards 'const' qualifier from pointer target type [enabled by default]
drivers/power/tcc_battery.c:643:18: warning: assignment discards 'const' qualifier from pointer target type [enabled by default]
drivers/power/tcc_battery.c:646:18: warning: assignment discards 'const' qualifier from pointer target type [enabled by default]
drivers/power/tcc_battery.c:575:6: warning: unused variable 'i' [-Wunused-variable]
drivers/power/tcc_battery.c: In function 'tcc_read_battery':
drivers/power/tcc_battery.c:789:2: warning: 'return' with a value, in function returning void [enabled by default]
drivers/power/tcc_battery.c: In function 'usb_status_notifier_func':
drivers/power/tcc_battery.c:922:2: warning: 'return' with a value, in function returning void [enabled by default]
drivers/power/tcc_battery.c: In function 'tcc_get_battery_info':
drivers/power/tcc_battery.c:928:6: warning: unused variable 'rc' [-Wunused-variable]
drivers/power/tcc_battery.c: In function 'tcc_battery_create_attrs':
drivers/power/tcc_battery.c:1083:9: warning: unused variable 'j' [-Wunused-variable]
drivers/power/tcc_battery.c: In function 'tcc_ac_charger_detect_process':
drivers/power/tcc_battery.c:1165:26: warning: unused variable 'client' [-Wunused-variable]
drivers/power/tcc_battery.c:1163:9: warning: unused variable 'i' [-Wunused-variable]
drivers/power/tcc_battery.c:1162:17: warning: unused variable 'adcValue' [-Wunused-variable]
drivers/power/tcc_battery.c: In function 'tcc_battery_process':
drivers/power/tcc_battery.c:1321:9: warning: type defaults to 'int' in declaration of 'old_batt_per' [-Wimplicit-int]
drivers/power/tcc_battery.c:1448:17: warning: assignment discards 'const' qualifier from pointer target type [enabled by default]
drivers/power/tcc_battery.c:1451:17: warning: assignment discards 'const' qualifier from pointer target type [enabled by default]
drivers/power/tcc_battery.c:1454:17: warning: assignment discards 'const' qualifier from pointer target type [enabled by default]
drivers/power/tcc_battery.c:1318:19: warning: unused variable 'pbattery_levels' [-Wunused-variable]
drivers/power/tcc_battery.c:1317:9: warning: unused variable 'battery_level_count' [-Wunused-variable]
drivers/power/tcc_battery.c:1314:24: warning: unused variable 'count' [-Wunused-variable]
drivers/power/tcc_battery.c:1314:17: warning: unused variable 'level' [-Wunused-variable]
drivers/power/tcc_battery.c: At top level:
drivers/power/tcc_battery.c:1761:8: warning: return type defaults to 'int' [-Wreturn-type]
drivers/power/tcc_battery.c: In function 'tcc_battery_late_resume':
drivers/power/tcc_battery.c:1802:6: warning: unused variable 'i' [-Wunused-variable]
drivers/power/tcc_battery.c: In function 'tcc_battery_probe':
drivers/power/tcc_battery.c:1915:2: warning: passing argument 3 of 'tcc_adc_register' from incompatible pointer type [enabled by default]
arch/arm/mach-tcc88xx/include/mach/tcc_adc.h:6:31: note: expected 'void (*)(unsigned int,  unsigned int)' but argument is of type 'void (*)(void)'
drivers/power/tcc_battery.c:1966:1: warning: label 'fail' defined but not used [-Wunused-label]
drivers/power/tcc_battery.c:1861:17: warning: unused variable 'adc_data' [-Wunused-variable]
drivers/power/tcc_battery.c: At top level:
drivers/power/tcc_battery.c:1987:8: warning: return type defaults to 'int' [-Wreturn-type]
drivers/power/tcc_battery.c: In function 'tcc_battery_init':
drivers/power/tcc_battery.c:2050:14: warning: unused variable 'clk' [-Wunused-variable]
drivers/power/tcc_battery.c: At top level:
drivers/power/tcc_battery.c:134:27: warning: 'batt_work' defined but not used [-Wunused-variable]
drivers/power/tcc_battery.c:548:13: warning: 'tcc_is_full_charge' defined but not used [-Wunused-function]
drivers/power/tcc_battery.c:764:12: warning: 'test' defined but not used [-Wunused-variable]
drivers/power/tcc_battery.c:1973:12: warning: 'tcc_battery_remove' defined but not used [-Wunused-function]
drivers/power/tcc_battery.c: In function 'tcc_battery_adc_channel':
drivers/power/tcc_battery.c:1786:1: warning: control reaches end of non-void function [-Wreturn-type]
drivers/power/tcc_battery.c: In function 'tcc_battery_port_init':
drivers/power/tcc_battery.c:2046:1: warning: control reaches end of non-void function [-Wreturn-type]
drivers/power/tcc_battery.c: In function 'tcc_battery_process':
drivers/power/tcc_battery.c:1394:24: warning: 'BattVoltage' may be used uninitialized in this function [-Wmaybe-uninitialized]
  LD      drivers/power/built-in.o
  CC      drivers/rtc/rtc-lib.o
  CC      drivers/rtc/hctosys.o
  CC      drivers/rtc/class.o
  CC      drivers/rtc/interface.o
  CC      drivers/rtc/rtc-dev.o
  LD      drivers/rtc/rtc-core.o
  CC      drivers/rtc/alarm.o
  CC      drivers/rtc/alarm-dev.o
  CC      drivers/rtc/tcc/tca_rtc.o
drivers/rtc/tcc/tca_rtc.c:52:15: warning: function definition has qualified void return type [enabled by default]
drivers/rtc/tcc/tca_rtc.c:100:15: warning: function definition has qualified void return type [enabled by default]
drivers/rtc/tcc/tca_rtc.c: In function 'tca_rtc_checkvalidtime':
drivers/rtc/tcc/tca_rtc.c:140:17: warning: function with qualified void return type called [enabled by default]
  CC      drivers/rtc/tcc/tca_alarm.o
drivers/rtc/tcc/tca_alarm.c: In function 'tca_alarm_setint':
drivers/rtc/tcc/tca_alarm.c:270:17: warning: function with qualified void return type called [enabled by default]
drivers/rtc/tcc/tca_alarm.c: In function 'tca_alarm_setpmwkup':
drivers/rtc/tcc/tca_alarm.c:317:17: warning: function with qualified void return type called [enabled by default]
  LD      drivers/rtc/tcc/built-in.o
  CC      drivers/rtc/rtc-tcc8800.o
drivers/rtc/rtc-tcc8800.c: In function 'tcc_rtc_gettime':
drivers/rtc/rtc-tcc8800.c:158:20: warning: function with qualified void return type called [enabled by default]
drivers/rtc/rtc-tcc8800.c: In function 'tcc_rtc_settime':
drivers/rtc/rtc-tcc8800.c:196:20: warning: function with qualified void return type called [enabled by default]
drivers/rtc/rtc-tcc8800.c: In function 'tcc_rtc_probe':
drivers/rtc/rtc-tcc8800.c:468:18: warning: function with qualified void return type called [enabled by default]
  LD      drivers/rtc/built-in.o
  CC      drivers/scsi/scsi.o
  CC      drivers/scsi/hosts.o
  CC      drivers/scsi/scsi_ioctl.o
  CC      drivers/scsi/constants.o
  CC      drivers/scsi/scsicam.o
  CC      drivers/scsi/scsi_error.o
  CC      drivers/scsi/scsi_lib.o
  CC      drivers/scsi/scsi_lib_dma.o
  CC      drivers/scsi/scsi_scan.o
  CC      drivers/scsi/scsi_sysfs.o
  CC      drivers/scsi/scsi_devinfo.o
  CC      drivers/scsi/scsi_sysctl.o
  CC      drivers/scsi/scsi_proc.o
  CC      drivers/scsi/scsi_trace.o
  CC      drivers/scsi/scsi_pm.o
  CC      drivers/scsi/sd.o
  LD      drivers/scsi/scsi_mod.o
  LD      drivers/scsi/arm/built-in.o
  LD      drivers/scsi/sd_mod.o
  CC      drivers/scsi/sg.o
  LD      drivers/scsi/built-in.o
  CC      drivers/spi/spi.o
drivers/spi/spi.c: In function 'spi_async':
drivers/spi/spi.c:822:16: warning: unused variable 'flags' [-Wunused-variable]
  CC      drivers/spi/tcc_spi.o
  CC      drivers/spi/tsdemux/TSDEMUX_sys.o
drivers/spi/tsdemux/TSDEMUX_sys.c: In function 'TSDEMUX_MakeSTC':
drivers/spi/tsdemux/TSDEMUX_sys.c:241:15: warning: unused variable 'uiSTC' [-Wunused-variable]
  LD      drivers/spi/tsdemux/built-in.o
  CC      drivers/spi/tcc_gpsb_tsif.o
drivers/spi/tcc_gpsb_tsif.c:91:1: warning: no semicolon at end of struct or union [enabled by default]
drivers/spi/tcc_gpsb_tsif.c: In function 'tcc_tsif_ioctl':
drivers/spi/tcc_gpsb_tsif.c:529:3: warning: passing argument 2 of 'tcc_tsif_copy_from_user' discards 'const' qualifier from pointer target type [enabled by default]
drivers/spi/tcc_gpsb_tsif.c:425:16: note: expected 'void *' but argument is of type 'void const *'
drivers/spi/tcc_gpsb_tsif.c: At top level:
drivers/spi/tcc_gpsb_tsif.c:699:5: warning: initialization from incompatible pointer type [enabled by default]
drivers/spi/tcc_gpsb_tsif.c:699:5: warning: (near initialization for 'tcc_tsif_fops.unlocked_ioctl') [enabled by default]
  CC      drivers/spi/tcc_tsif.o
drivers/spi/tcc_tsif.c:80:1: warning: no semicolon at end of struct or union [enabled by default]
drivers/spi/tcc_tsif.c: In function 'tcc_tsif_ioctl':
drivers/spi/tcc_tsif.c:534:74: warning: unused variable 'mpeg_ts' [-Wunused-variable]
drivers/spi/tcc_tsif.c:629:9: warning: passing argument 2 of 'tcc_tsif_copy_from_user' discards 'const' qualifier from pointer target type [enabled by default]
drivers/spi/tcc_tsif.c:503:16: note: expected 'void *' but argument is of type 'void const *'
drivers/spi/tcc_tsif.c: At top level:
drivers/spi/tcc_tsif.c:768:5: warning: initialization from incompatible pointer type [enabled by default]
drivers/spi/tcc_tsif.c:768:5: warning: (near initialization for 'tcc_tsif_ex_fops.unlocked_ioctl') [enabled by default]
drivers/spi/tcc_tsif.c:275:13: warning: 'debug_dump' defined but not used [-Wunused-function]
  CC      drivers/spi/spidev.o
  LD      drivers/spi/built-in.o
  CC      drivers/staging/staging.o
  CC      drivers/staging/android/binder.o
  CC      drivers/staging/android/logger.o
  CC      drivers/staging/android/timed_output.o
  CC      drivers/staging/android/timed_gpio.o
  CC      drivers/staging/android/lowmemorykiller.o
  LD      drivers/staging/android/built-in.o
  LD      drivers/staging/generic_serial/built-in.o
  LD      drivers/staging/tty/built-in.o
  LD      drivers/staging/built-in.o
  CC      drivers/switch/switch_class.o
  CC      drivers/switch/switch_gpio.o
  LD      drivers/switch/built-in.o
  CC      drivers/tty/tty_io.o
  CC      drivers/tty/n_tty.o
  CC      drivers/tty/tty_ioctl.o
  CC      drivers/tty/tty_ldisc.o
  CC      drivers/tty/tty_buffer.o
  CC      drivers/tty/tty_port.o
  CC      drivers/tty/tty_mutex.o
  CC      drivers/tty/pty.o
  CC      drivers/tty/sysrq.o
  LD      drivers/tty/ipwireless/built-in.o
  CC      drivers/tty/serial/serial_core.o
  CC      drivers/tty/serial/tcc_serial.o
drivers/tty/serial/tcc_serial.c:72:8: warning: initialization from incompatible pointer type [enabled by default]
drivers/tty/serial/tcc_serial.c:72:8: warning: (near initialization for 'work_queue.func') [enabled by default]
drivers/tty/serial/tcc_serial.c: In function 'tcc_serial_stop_rx':
drivers/tty/serial/tcc_serial.c:486:5: warning: ISO C90 forbids mixed declarations and code [-Wdeclaration-after-statement]
drivers/tty/serial/tcc_serial.c: In function 'tcc_serial_startup':
drivers/tty/serial/tcc_serial.c:743:9: warning: ISO C90 forbids mixed declarations and code [-Wdeclaration-after-statement]
  LD      drivers/tty/serial/built-in.o
  LD      drivers/tty/vt/built-in.o
  LD      drivers/tty/built-in.o
  CC      drivers/usb/class/cdc-acm.o
  LD      drivers/usb/class/built-in.o
  CC      drivers/usb/core/usb.o
  CC      drivers/usb/core/hub.o
  CC      drivers/usb/core/hcd.o
  CC      drivers/usb/core/urb.o
  CC      drivers/usb/core/message.o
  CC      drivers/usb/core/driver.o
  CC      drivers/usb/core/config.o
  CC      drivers/usb/core/file.o
  CC      drivers/usb/core/buffer.o
  CC      drivers/usb/core/sysfs.o
  CC      drivers/usb/core/endpoint.o
  CC      drivers/usb/core/devio.o
  CC      drivers/usb/core/notify.o
  CC      drivers/usb/core/generic.o
  CC      drivers/usb/core/quirks.o
  CC      drivers/usb/core/devices.o
  CC      drivers/usb/core/usbctrl.o
  LD      drivers/usb/core/usbcore.o
  LD      drivers/usb/core/built-in.o
  CC      drivers/usb/dwc_otg/v2.81a/dwc_common_port/dwc_cc.o
  CC      drivers/usb/dwc_otg/v2.81a/dwc_common_port/dwc_modpow.o
  CC      drivers/usb/dwc_otg/v2.81a/dwc_common_port/dwc_dh.o
  CC      drivers/usb/dwc_otg/v2.81a/dwc_common_port/dwc_crypto.o
  CC      drivers/usb/dwc_otg/v2.81a/dwc_common_port/dwc_notifier.o
  CC      drivers/usb/dwc_otg/v2.81a/dwc_common_port/dwc_common_linux.o
drivers/usb/dwc_otg/v2.81a/dwc_common_port/dwc_common_linux.c: In function 'DWC_SPINUNLOCK_IRQRESTORE':
drivers/usb/dwc_otg/v2.81a/dwc_common_port/dwc_common_linux.c:900:9: warning: comparison of distinct pointer types lacks a cast [enabled by default]
drivers/usb/dwc_otg/v2.81a/dwc_common_port/dwc_common_linux.c:900:9: warning: comparison of distinct pointer types lacks a cast [enabled by default]
drivers/usb/dwc_otg/v2.81a/dwc_common_port/dwc_common_linux.c:900:9: warning: comparison of distinct pointer types lacks a cast [enabled by default]
  CC      drivers/usb/dwc_otg/v2.81a/dwc_common_port/dwc_mem.o
  CC      drivers/usb/dwc_otg/v2.81a/driver/dwc_otg_driver.o
arch/arm/mach-tcc88xx/include/mach/tcc_pca953x.h:107:12: warning: 'tcc_pca953x_dummy' defined but not used [-Wunused-function]
drivers/usb/dwc_otg/v2.81a/driver/dwc_otg_driver.c:527:1: warning: 'dev_attr_fsg' defined but not used [-Wunused-variable]
drivers/usb/dwc_otg/v2.81a/driver/dwc_otg_driver.c: In function 'IsUSBDET':
drivers/usb/dwc_otg/v2.81a/driver/dwc_otg_driver.c:729:1: warning: control reaches end of non-void function [-Wreturn-type]
  CC      drivers/usb/dwc_otg/v2.81a/driver/dwc_otg_attr.o
  CC      drivers/usb/dwc_otg/v2.81a/driver/dwc_otg_cil.o
  CC      drivers/usb/dwc_otg/v2.81a/driver/dwc_otg_cil_intr.o
  CC      drivers/usb/dwc_otg/v2.81a/driver/dwc_otg_pcd_linux.o
drivers/usb/dwc_otg/v2.81a/driver/dwc_otg_pcd_linux.c: In function 'dwc_otg_pcd_reset':
drivers/usb/dwc_otg/v2.81a/driver/dwc_otg_pcd_linux.c:638:3: warning: passing argument 1 of 'USBPHY_Power' from incompatible pointer type [enabled by default]
drivers/usb/dwc_otg/v2.81a/driver/dwc_otg_pcd_linux.c:106:12: note: expected 'struct dwc_otg_core_if_t *' but argument is of type 'struct dwc_otg_device_t *'
drivers/usb/dwc_otg/v2.81a/driver/dwc_otg_pcd_linux.c:640:3: warning: passing argument 1 of 'USBPHY_Power' from incompatible pointer type [enabled by default]
drivers/usb/dwc_otg/v2.81a/driver/dwc_otg_pcd_linux.c:106:12: note: expected 'struct dwc_otg_core_if_t *' but argument is of type 'struct dwc_otg_device_t *'
drivers/usb/dwc_otg/v2.81a/driver/dwc_otg_pcd_linux.c: In function 'pcd_init':
drivers/usb/dwc_otg/v2.81a/driver/dwc_otg_pcd_linux.c:1029:7: warning: assignment from incompatible pointer type [enabled by default]
  CC      drivers/usb/dwc_otg/v2.81a/driver/dwc_otg_pcd.o
  CC      drivers/usb/dwc_otg/v2.81a/driver/dwc_otg_pcd_intr.o
  CC      drivers/usb/dwc_otg/v2.81a/driver/dwc_otg_hcd.o
  CC      drivers/usb/dwc_otg/v2.81a/driver/dwc_otg_hcd_linux.o
  CC      drivers/usb/dwc_otg/v2.81a/driver/dwc_otg_hcd_intr.o
  CC      drivers/usb/dwc_otg/v2.81a/driver/dwc_otg_hcd_queue.o
  CC      drivers/usb/dwc_otg/v2.81a/driver/tcc_usb_phy.o
  LD      drivers/usb/dwc_otg/v2.81a/tcc_dwc_otg.o
  LD      drivers/usb/dwc_otg/v2.81a/built-in.o
  LD      drivers/usb/dwc_otg/built-in.o
  CC      drivers/usb/gadget/android.o
  LD      drivers/usb/gadget/g_android.o
  LD      drivers/usb/gadget/built-in.o
  LD      drivers/usb/host/built-in.o
  LD      drivers/usb/misc/built-in.o
  CC      drivers/usb/serial/usb-serial.o
  CC      drivers/usb/serial/generic.o
  CC      drivers/usb/serial/bus.o
  LD      drivers/usb/serial/usbserial.o
  CC      drivers/usb/serial/option.o
  CC      drivers/usb/serial/usb_wwan.o
  LD      drivers/usb/serial/built-in.o
  CC      drivers/usb/storage/libusual.o
  CC      drivers/usb/storage/usual-tables.o
  CC      drivers/usb/storage/scsiglue.o
  CC      drivers/usb/storage/protocol.o
  CC      drivers/usb/storage/transport.o
  CC      drivers/usb/storage/usb.o
  CC      drivers/usb/storage/initializers.o
  CC      drivers/usb/storage/sierra_ms.o
  CC      drivers/usb/storage/option_ms.o
  LD      drivers/usb/storage/usb-storage.o
  LD      drivers/usb/storage/usb-libusual.o
  LD      drivers/usb/storage/built-in.o
  LD      drivers/usb/built-in.o
  CC      drivers/video/fb_notify.o
  CC      drivers/video/fbmem.o
  CC      drivers/video/fbmon.o
  CC      drivers/video/fbcmap.o
  CC      drivers/video/fbsysfs.o
  CC      drivers/video/modedb.o
  CC      drivers/video/fbcvt.o
  LD      drivers/video/fb.o
  LD      drivers/video/backlight/built-in.o
  LD      drivers/video/display/built-in.o
  LD      drivers/video/omap2/displays/built-in.o
  LD      drivers/video/omap2/built-in.o
  CC      drivers/video/tcc/tcc_overlay.o
drivers/video/tcc/tcc_overlay.c: In function 'tccxxx_overlay_check_priority':
drivers/video/tcc/tcc_overlay.c:324:4: warning: too many arguments for format [-Wformat-extra-args]
drivers/video/tcc/tcc_overlay.c: At top level:
drivers/video/tcc/tcc_overlay.c:995:1: warning: parameter names (without types) in function declaration [enabled by default]
  CC      drivers/video/tcc/tcc_overlay1.o
drivers/video/tcc/tcc_overlay1.c:766:1: warning: parameter names (without types) in function declaration [enabled by default]
  CC      drivers/video/tcc/tccfb.o
drivers/video/tcc/tccfb.c: In function 'tcc92xxfb_hdmi_starter':
drivers/video/tcc/tccfb.c:443:16: warning: unused variable 'pLCDC1' [-Wunused-variable]
drivers/video/tcc/tccfb.c:443:8: warning: unused variable 'pLCDC0' [-Wunused-variable]
drivers/video/tcc/tccfb.c: In function 'tcc_vsync_get_timer_clock':
drivers/video/tcc/tccfb.c:1377:6: warning: unused variable 'add_count' [-Wunused-variable]
drivers/video/tcc/tccfb.c: In function 'tccfb_ioctl':
drivers/video/tcc/tccfb.c:1730:5: warning: ISO C90 forbids mixed declarations and code [-Wdeclaration-after-statement]
drivers/video/tcc/tccfb.c:1949:24: warning: unused variable 'fbi' [-Wunused-variable]
drivers/video/tcc/tccfb.c:2143:5: warning: ISO C90 forbids mixed declarations and code [-Wdeclaration-after-statement]
drivers/video/tcc/tccfb.c:2168:5: warning: passing argument 2 of 'copy_from_user' makes pointer from integer without a cast [enabled by default]
/home/ithamar/src/telechips/linux-tcc/arch/arm/include/asm/uaccess.h:404:42: note: expected 'void const *' but argument is of type 'long unsigned int'
drivers/video/tcc/tccfb.c: At top level:
drivers/video/tcc/tccfb.c:652:12: warning: 'testToggleBit' defined but not used [-Wunused-variable]
drivers/video/tcc/tccfb.c: In function 'tccfb_vsync_timer_onoff':
drivers/video/tcc/tccfb.c:1348:15: warning: ignoring return value of 'request_irq', declared with attribute warn_unused_result [-Wunused-result]
  CC      drivers/video/tcc/tccfb_interface.o
drivers/video/tcc/tccfb_interface.c: In function 'tca_fb_early_suspend':
drivers/video/tcc/tccfb_interface.c:575:2: warning: passing argument 1 of 'tcc_LCDC_get_gamma' discards 'volatile' qualifier from pointer target type [enabled by default]
drivers/video/tcc/tccfb_interface.c:564:21: note: expected 'struct lcdc_gamma_params *' but argument is of type 'struct lcdc_gamma_params volatile *'
drivers/video/tcc/tccfb_interface.c: In function 'tca_fb_late_resume':
drivers/video/tcc/tccfb_interface.c:601:2: warning: passing argument 1 of 'tcc_LCDC_set_gamma' discards 'volatile' qualifier from pointer target type [enabled by default]
drivers/video/tcc/tccfb_interface.c:563:21: note: expected 'struct lcdc_gamma_params *' but argument is of type 'struct lcdc_gamma_params volatile *'
drivers/video/tcc/tccfb_interface.c: In function 'tca_fb_init':
drivers/video/tcc/tccfb_interface.c:747:20: warning: unused variable 'lcd_info' [-Wunused-variable]
  CC      drivers/video/tcc/tca_display_config.o
drivers/video/tcc/tca_display_config.c:35:14: warning: function declaration isn't a prototype [-Wstrict-prototypes]
drivers/video/tcc/tca_display_config.c:57:14: warning: function declaration isn't a prototype [-Wstrict-prototypes]
  CC      drivers/video/tcc/ddi/tca_fb_hdmi.o
drivers/video/tcc/ddi/tca_fb_hdmi.c: In function 'TCC_HDMI_LCDC_Timing':
drivers/video/tcc/ddi/tca_fb_hdmi.c:101:14: warning: initialization from incompatible pointer type [enabled by default]
drivers/video/tcc/ddi/tca_fb_hdmi.c: In function 'TCC_HDMI_DISPLAY_UPDATE_OnTheFly':
drivers/video/tcc/ddi/tca_fb_hdmi.c:340:47: warning: unused variable 'scale_limit_total' [-Wunused-variable]
drivers/video/tcc/ddi/tca_fb_hdmi.c:340:31: warning: unused variable 'scale_limit_ht' [-Wunused-variable]
drivers/video/tcc/ddi/tca_fb_hdmi.c:340:15: warning: unused variable 'scale_limit_wd' [-Wunused-variable]
  CC      drivers/video/tcc/ddi/tca_fb_output.o
drivers/video/tcc/ddi/tca_fb_output.c: In function 'TCC_OUTPUT_LCDC_OnOff':
drivers/video/tcc/ddi/tca_fb_output.c:519:4: warning: array subscript has type 'char' [-Wchar-subscripts]
drivers/video/tcc/ddi/tca_fb_output.c:520:4: warning: array subscript has type 'char' [-Wchar-subscripts]
drivers/video/tcc/ddi/tca_fb_output.c:525:4: warning: array subscript has type 'char' [-Wchar-subscripts]
drivers/video/tcc/ddi/tca_fb_output.c:526:4: warning: array subscript has type 'char' [-Wchar-subscripts]
drivers/video/tcc/ddi/tca_fb_output.c:533:4: warning: array subscript has type 'char' [-Wchar-subscripts]
drivers/video/tcc/ddi/tca_fb_output.c:534:4: warning: array subscript has type 'char' [-Wchar-subscripts]
drivers/video/tcc/ddi/tca_fb_output.c:539:4: warning: array subscript has type 'char' [-Wchar-subscripts]
drivers/video/tcc/ddi/tca_fb_output.c:540:4: warning: array subscript has type 'char' [-Wchar-subscripts]
drivers/video/tcc/ddi/tca_fb_output.c:544:3: warning: array subscript has type 'char' [-Wchar-subscripts]
drivers/video/tcc/ddi/tca_fb_output.c:580:3: warning: array subscript has type 'char' [-Wchar-subscripts]
drivers/video/tcc/ddi/tca_fb_output.c:585:4: warning: array subscript has type 'char' [-Wchar-subscripts]
drivers/video/tcc/ddi/tca_fb_output.c:586:4: warning: array subscript has type 'char' [-Wchar-subscripts]
drivers/video/tcc/ddi/tca_fb_output.c:589:4: warning: array subscript has type 'char' [-Wchar-subscripts]
drivers/video/tcc/ddi/tca_fb_output.c:595:5: warning: array subscript has type 'char' [-Wchar-subscripts]
drivers/video/tcc/ddi/tca_fb_output.c:607:4: warning: array subscript has type 'char' [-Wchar-subscripts]
drivers/video/tcc/ddi/tca_fb_output.c: In function 'TCC_OUTPUT_LCDC_CtrlLayer':
drivers/video/tcc/ddi/tca_fb_output.c:646:2: warning: array subscript has type 'char' [-Wchar-subscripts]
drivers/video/tcc/ddi/tca_fb_output.c:649:3: warning: array subscript has type 'char' [-Wchar-subscripts]
drivers/video/tcc/ddi/tca_fb_output.c: In function 'TCC_FB_G2D_FmtConvert':
drivers/video/tcc/ddi/tca_fb_output.c:716:21: warning: passing argument 3 of 'g2d_ioctl' makes integer from pointer without a cast [enabled by default]
drivers/video/tcc/ddi/tca_fb_output.c:716:21: note: expected 'long unsigned int' but argument is of type 'struct G2D_BITBLIT_TYPE *'
drivers/video/tcc/ddi/tca_fb_output.c: In function 'tcc_disable_external_display':
drivers/video/tcc/ddi/tca_fb_output.c:725:3: warning: 'return' with a value, in function returning void [enabled by default]
drivers/video/tcc/ddi/tca_fb_output.c:734:3: warning: 'return' with a value, in function returning void [enabled by default]
drivers/video/tcc/ddi/tca_fb_output.c: In function 'TCC_OUTPUT_FB_Update':
drivers/video/tcc/ddi/tca_fb_output.c:861:3: warning: passing argument 1 of '__arm_ioremap' makes integer from pointer without a cast [enabled by default]
/home/ithamar/src/telechips/linux-tcc/arch/arm/include/asm/io.h:82:22: note: expected 'long unsigned int' but argument is of type 'char *'
drivers/video/tcc/ddi/tca_fb_output.c:1111:26: warning: passing argument 3 of 'scaler_ioctl' makes integer from pointer without a cast [enabled by default]
drivers/video/tcc/ddi/tca_fb_output.c:1111:26: note: expected 'long unsigned int' but argument is of type 'struct SCALER_TYPE *'
drivers/video/tcc/ddi/tca_fb_output.c: In function 'TCC_OUTPUT_FB_BackupVideoImg':
drivers/video/tcc/ddi/tca_fb_output.c:1330:2: warning: array subscript has type 'char' [-Wchar-subscripts]
drivers/video/tcc/ddi/tca_fb_output.c:1333:2: warning: array subscript has type 'char' [-Wchar-subscripts]
drivers/video/tcc/ddi/tca_fb_output.c:1339:3: warning: array subscript has type 'char' [-Wchar-subscripts]
drivers/video/tcc/ddi/tca_fb_output.c:1340:3: warning: array subscript has type 'char' [-Wchar-subscripts]
drivers/video/tcc/ddi/tca_fb_output.c:1342:3: warning: array subscript has type 'char' [-Wchar-subscripts]
drivers/video/tcc/ddi/tca_fb_output.c: In function 'TCC_OUTPUT_FB_RestoreVideoImg':
drivers/video/tcc/ddi/tca_fb_output.c:1359:2: warning: array subscript has type 'char' [-Wchar-subscripts]
drivers/video/tcc/ddi/tca_fb_output.c:1362:2: warning: array subscript has type 'char' [-Wchar-subscripts]
drivers/video/tcc/ddi/tca_fb_output.c:1363:2: warning: array subscript has type 'char' [-Wchar-subscripts]
drivers/video/tcc/ddi/tca_fb_output.c:1365:2: warning: array subscript has type 'char' [-Wchar-subscripts]
drivers/video/tcc/ddi/tca_fb_output.c:1370:2: warning: array subscript has type 'char' [-Wchar-subscripts]
drivers/video/tcc/ddi/tca_fb_output.c: In function 'TCC_OUTPUT_FB_MouseMove':
drivers/video/tcc/ddi/tca_fb_output.c:3117:3: warning: suggest parentheses around arithmetic in operand of '|' [-Wparentheses]
drivers/video/tcc/ddi/tca_fb_output.c: At top level:
drivers/video/tcc/ddi/tca_fb_output.c:335:20: warning: 'TCC_OUTPUT_LCDC0_Handler' defined but not used [-Wunused-function]
drivers/video/tcc/ddi/tca_fb_output.c:354:20: warning: 'TCC_OUTPUT_LCDC1_Handler' defined but not used [-Wunused-function]
drivers/video/tcc/ddi/tca_fb_output.c: In function 'TCC_OUTPUT_SetOutputResizeMode':
drivers/video/tcc/ddi/tca_fb_output.c:1324:1: warning: control reaches end of non-void function [-Wreturn-type]
drivers/video/tcc/ddi/tca_fb_output.c: In function 'TCC_OUTPUT_LCDC_OnOff':
drivers/video/tcc/ddi/tca_fb_output.c:568:15: warning: ignoring return value of 'request_irq', declared with attribute warn_unused_result [-Wunused-result]
drivers/video/tcc/ddi/tca_fb_output.c:573:15: warning: ignoring return value of 'request_irq', declared with attribute warn_unused_result [-Wunused-result]
  CC      drivers/video/tcc/ddi/tca_lcdc.o
  CC      drivers/video/tcc/ddi/TCC_LCD_Interface.o
  CC      drivers/video/tcc/ddi/dev_gpsb.o
drivers/video/tcc/ddi/dev_gpsb.c: In function 'IO_GPSB_InitSWReset':
drivers/video/tcc/ddi/dev_gpsb.c:53:12: warning: unused variable 'pIOBUSCFG' [-Wunused-variable]
drivers/video/tcc/ddi/dev_gpsb.c: In function 'IO_CKC_EnableBUS':
drivers/video/tcc/ddi/dev_gpsb.c:435:12: warning: unused variable 'pHwIOBUSCFG' [-Wunused-variable]
drivers/video/tcc/ddi/dev_gpsb.c: In function 'IO_CKC_DisableBUS':
drivers/video/tcc/ddi/dev_gpsb.c:448:12: warning: unused variable 'pHwIOBUSCFG' [-Wunused-variable]
drivers/video/tcc/ddi/dev_gpsb.c: In function 'IO_GPSB_InitChannel':
drivers/video/tcc/ddi/dev_gpsb.c:466:12: warning: unused variable 'pIOBUSCFG' [-Wunused-variable]
  CC      drivers/video/tcc/ddi/tcc_composite.o
drivers/video/tcc/ddi/tcc_composite.c: In function 'tcc_composite_get_spec':
drivers/video/tcc/ddi/tcc_composite.c:392:2: warning: enumeration value 'COMPOSITE_MODE_MAX' not handled in switch [-Wswitch]
drivers/video/tcc/ddi/tcc_composite.c: In function 'tcc_composite_change_formattype':
drivers/video/tcc/ddi/tcc_composite.c:570:2: warning: enumeration value 'GE_FMT_MAX' not handled in switch [-Wswitch]
drivers/video/tcc/ddi/tcc_composite.c: In function 'tcc_composite_get_offset':
drivers/video/tcc/ddi/tcc_composite.c:680:2: warning: enumeration value 'COMPOSITE_LCDC_IMG_FMT_MAX' not handled in switch [-Wswitch]
drivers/video/tcc/ddi/tcc_composite.c: In function 'tcc_composite_update':
drivers/video/tcc/ddi/tcc_composite.c:950:2: warning: passing argument 2 of 'memset' makes integer from pointer without a cast [enabled by default]
/home/ithamar/src/telechips/linux-tcc/arch/arm/include/asm/string.h:25:15: note: expected 'int' but argument is of type 'void *'
drivers/video/tcc/ddi/tcc_composite.c:964:17: warning: comparison between 'COMPOSITE_LCDC_IMG_FMT_TYPE' and 'enum <anonymous>' [-Wenum-compare]
drivers/video/tcc/ddi/tcc_composite.c: In function 'tcc_composite_enabled':
drivers/video/tcc/ddi/tcc_composite.c:1232:21: warning: unused variable 'pHwTVE' [-Wunused-variable]
drivers/video/tcc/ddi/tcc_composite.c:1231:18: warning: unused variable 'pHwPMU' [-Wunused-variable]
drivers/video/tcc/ddi/tcc_composite.c: In function 'tcc_composite_ioctl':
drivers/video/tcc/ddi/tcc_composite.c:1324:26: warning: unused variable 'type' [-Wunused-variable]
drivers/video/tcc/ddi/tcc_composite.c: At top level:
drivers/video/tcc/ddi/tcc_composite.c:1429:2: warning: initialization from incompatible pointer type [enabled by default]
drivers/video/tcc/ddi/tcc_composite.c:1429:2: warning: (near initialization for 'tcc_composite_fops.unlocked_ioctl') [enabled by default]
drivers/video/tcc/ddi/tcc_composite.c:109:13: warning: 'composite_plugout_count' defined but not used [-Wunused-variable]
drivers/video/tcc/ddi/tcc_composite.c:110:13: warning: 'composite_ext_interrupt' defined but not used [-Wunused-variable]
drivers/video/tcc/ddi/tcc_composite.c:146:20: warning: 'tcc_composite_ext_handler' defined but not used [-Wunused-function]
drivers/video/tcc/ddi/tcc_composite.c: In function 'tcc_composite_ioctl':
drivers/video/tcc/ddi/tcc_composite.c:1332:18: warning: ignoring return value of 'copy_from_user', declared with attribute warn_unused_result [-Wunused-result]
drivers/video/tcc/ddi/tcc_composite.c:1356:18: warning: ignoring return value of 'copy_from_user', declared with attribute warn_unused_result [-Wunused-result]
drivers/video/tcc/ddi/tcc_composite.c: In function 'tcc_composite_connect_lcdc':
drivers/video/tcc/ddi/tcc_composite.c:385:1: warning: control reaches end of non-void function [-Wreturn-type]
  CC      drivers/video/tcc/ddi/tcc_composite_internal.o
drivers/video/tcc/ddi/tcc_composite_internal.c:38:12: warning: 'debug' defined but not used [-Wunused-variable]
  LD      drivers/video/tcc/ddi/built-in.o
  CC      drivers/video/tcc/viqe/tcc_viqe.o
drivers/video/tcc/viqe/tcc_viqe.c: In function 'tcc_viqe_ctrl':
drivers/video/tcc/viqe/tcc_viqe.c:314:4: warning: passing argument 1 of 'viqe_set_deintl_bypass' makes integer from pointer without a cast [enabled by default]
drivers/video/tcc/viqe/viqe_lib.h:291:9: note: expected 'int' but argument is of type 'int *'
  CC      drivers/video/tcc/viqe/viqe_lib.o
drivers/video/tcc/viqe/viqe_lib.c: In function 'viqe_init':
drivers/video/tcc/viqe/viqe_lib.c:565:2: warning: passing argument 1 of 'viqe_set_state' from incompatible pointer type [enabled by default]
drivers/video/tcc/viqe/viqe_lib.c:200:6: note: expected 'int *' but argument is of type 'enum viqe_state_t *'
drivers/video/tcc/viqe/viqe_lib.c: In function 'viqe_set_deintl_default_conf':
drivers/video/tcc/viqe/viqe_lib.c:925:6: warning: unused variable 'region_idx_y_end' [-Wunused-variable]
drivers/video/tcc/viqe/viqe_lib.c:924:6: warning: unused variable 'region_idx_y_start' [-Wunused-variable]
drivers/video/tcc/viqe/viqe_lib.c:923:6: warning: unused variable 'region_enable' [-Wunused-variable]
drivers/video/tcc/viqe/viqe_lib.c:922:6: warning: unused variable 'region_idx_x_end' [-Wunused-variable]
drivers/video/tcc/viqe/viqe_lib.c:921:6: warning: unused variable 'region_idx_x_start' [-Wunused-variable]
drivers/video/tcc/viqe/viqe_lib.c:906:6: warning: unused variable 'pd_user_checkout' [-Wunused-variable]
drivers/video/tcc/viqe/viqe_lib.c: In function 'cal_d2d_lpf_coeff_simple':
drivers/video/tcc/viqe/viqe_lib.c:1706:6: warning: value computed is not used [-Wunused-value]
drivers/video/tcc/viqe/viqe_lib.c:1707:6: warning: value computed is not used [-Wunused-value]
drivers/video/tcc/viqe/viqe_lib.c: In function 'cal_d2d_hpf_coeff_simple':
drivers/video/tcc/viqe/viqe_lib.c:1737:4: warning: value computed is not used [-Wunused-value]
drivers/video/tcc/viqe/viqe_lib.c:1748:4: warning: value computed is not used [-Wunused-value]
  CC      drivers/video/tcc/viqe/tcc_scaler.o
drivers/video/tcc/viqe/tcc_scaler.c: In function 'tcc_scaler_Disable':
drivers/video/tcc/viqe/tcc_scaler.c:144:2: warning: ISO C90 forbids mixed declarations and code [-Wdeclaration-after-statement]
drivers/video/tcc/viqe/tcc_scaler.c: In function 'tcc_scaler_SWReset':
drivers/video/tcc/viqe/tcc_scaler.c:198:2: warning: ISO C90 forbids mixed declarations and code [-Wdeclaration-after-statement]
drivers/video/tcc/viqe/tcc_scaler.c: At top level:
drivers/video/tcc/viqe/tcc_scaler.c:34:12: warning: 'debug' defined but not used [-Wunused-variable]
drivers/video/tcc/viqe/tcc_scaler.c:37:21: warning: 'scaler_ended' defined but not used [-Wunused-variable]
drivers/video/tcc/viqe/tcc_scaler.c: In function 'tcc_scaler_finalize':
drivers/video/tcc/viqe/tcc_scaler.c:554:21: warning: 'IFlag' may be used uninitialized in this function [-Wmaybe-uninitialized]
  CC      drivers/video/tcc/viqe/tcc_viqe_interface.o
drivers/video/tcc/viqe/tcc_viqe_interface.c: In function 'tcc_lcdc_SetConfig':
drivers/video/tcc/viqe/tcc_viqe_interface.c:156:2: warning: enumeration value 'TCC_LCDC_IMG_FMT_1BPP' not handled in switch [-Wswitch]
drivers/video/tcc/viqe/tcc_viqe_interface.c:156:2: warning: enumeration value 'TCC_LCDC_IMG_FMT_2BPP' not handled in switch [-Wswitch]
drivers/video/tcc/viqe/tcc_viqe_interface.c:156:2: warning: enumeration value 'TCC_LCDC_IMG_FMT_4BPP' not handled in switch [-Wswitch]
drivers/video/tcc/viqe/tcc_viqe_interface.c:156:2: warning: enumeration value 'TCC_LCDC_IMG_FMT_8BPP' not handled in switch [-Wswitch]
drivers/video/tcc/viqe/tcc_viqe_interface.c:156:2: warning: enumeration value 'TCC_LCDC_IMG_FMT_RGB332' not handled in switch [-Wswitch]
drivers/video/tcc/viqe/tcc_viqe_interface.c:156:2: warning: enumeration value 'TCC_LCDC_IMG_FMT_MAX' not handled in switch [-Wswitch]
drivers/video/tcc/viqe/tcc_viqe_interface.c: In function 'TCC_RunVIQE':
drivers/video/tcc/viqe/tcc_viqe_interface.c:1340:2: warning: suggest parentheses around '&&' within '||' [-Wparentheses]
drivers/video/tcc/viqe/tcc_viqe_interface.c: In function 'TCC_InitalizeVIQE_60Hz':
drivers/video/tcc/viqe/tcc_viqe_interface.c:1515:2: warning: ISO C90 forbids mixed declarations and code [-Wdeclaration-after-statement]
drivers/video/tcc/viqe/tcc_viqe_interface.c: At top level:
arch/arm/mach-tcc88xx/include/mach/tcc_viqe_ioctl.h:32:13: warning: 'tcc_viqe_ioctl' declared 'static' but never defined [-Wunused-function]
drivers/video/tcc/viqe/tcc_viqe_interface.c: In function 'TCC_ConfigVIQEParamSet':
drivers/video/tcc/viqe/tcc_viqe_interface.c:1178:1: warning: control reaches end of non-void function [-Wreturn-type]
  LD      drivers/video/tcc/viqe/built-in.o
  CC      drivers/video/tcc/lcd_lms350df01.o
  CC      drivers/video/tcc/lcd_lms480kf01.o
  CC      drivers/video/tcc/lcd_dx08d11vm0aaa.o
  CC      drivers/video/tcc/lcd_lb070wv6.o
drivers/video/tcc/lcd_lb070wv6.c:93:2: warning: initialization from incompatible pointer type [enabled by default]
drivers/video/tcc/lcd_lb070wv6.c:93:2: warning: (near initialization for 'lb080wv6_panel.set_power') [enabled by default]
  CC      drivers/video/tcc/lcd_claa104xa01cw.o
  CC      drivers/video/tcc/lcd_ht121wx2.o
  CC      drivers/video/tcc/lcd_td043mgeb1.o
drivers/video/tcc/lcd_td043mgeb1.c: In function 'td043mgeb1_set_backlight_level':
drivers/video/tcc/lcd_td043mgeb1.c:227:18: warning: unused variable 'pTIMER' [-Wunused-variable]
  CC      drivers/video/tcc/lcd_at070tn93.o
drivers/video/tcc/lcd_at070tn93.c:41:13: warning: 'lcd_pwr_state' defined but not used [-Wunused-variable]
  CC      drivers/video/tcc/lcd_td070rdh.o
drivers/video/tcc/lcd_td070rdh.c: In function 'tm070rdh11_set_backlight_level':
drivers/video/tcc/lcd_td070rdh.c:95:18: warning: unused variable 'pTIMER' [-Wunused-variable]
  CC      drivers/video/tcc/lcd_n101l6.o
drivers/video/tcc/lcd_n101l6.c: In function 'n101l6_set_backlight_level':
drivers/video/tcc/lcd_n101l6.c:158:5: warning: suggest parentheses around '-' inside '<<' [-Wparentheses]
drivers/video/tcc/lcd_n101l6.c:134:18: warning: unused variable 'pTIMER' [-Wunused-variable]
drivers/video/tcc/lcd_n101l6.c: At top level:
drivers/video/tcc/lcd_n101l6.c:39:13: warning: 'lcd_pwr_state' defined but not used [-Wunused-variable]
drivers/video/tcc/lcd_n101l6.c:40:21: warning: 'lcd_bl_level' defined but not used [-Wunused-variable]
  CC      drivers/video/tcc/lcd_claa102na0dcw.o
drivers/video/tcc/lcd_claa102na0dcw.c: In function 'claa102na0dcw_set_backlight_level':
drivers/video/tcc/lcd_claa102na0dcw.c:130:18: warning: unused variable 'pTIMER' [-Wunused-variable]
  CC      drivers/video/tcc/lcd_ED090NA.o
  LD      drivers/video/tcc/built-in.o
  CC      drivers/video/cfbfillrect.o
  CC      drivers/video/cfbcopyarea.o
  CC      drivers/video/cfbimgblt.o
  CC      drivers/video/output.o
  LD      drivers/video/built-in.o
  LD      drivers/built-in.o
  CC      sound/sound_core.o
  LD      sound/soundcore.o
  LD      sound/arm/built-in.o
  LD      sound/atmel/built-in.o
  CC      sound/core/memalloc.o
  CC      sound/core/pcm.o
  CC      sound/core/pcm_native.o
  CC      sound/core/pcm_lib.o
  CC      sound/core/pcm_timer.o
  CC      sound/core/pcm_misc.o
  CC      sound/core/pcm_memory.o
  CC      sound/core/timer.o
  CC      sound/core/sound.o
  CC      sound/core/init.o
  CC      sound/core/memory.o
  CC      sound/core/info.o
  CC      sound/core/control.o
  CC      sound/core/misc.o
  CC      sound/core/device.o
  CC      sound/core/jack.o
  LD      sound/core/snd.o
  LD      sound/core/snd-timer.o
  LD      sound/core/snd-pcm.o
  LD      sound/core/snd-page-alloc.o
  LD      sound/core/built-in.o
  LD      sound/drivers/mpu401/built-in.o
  LD      sound/drivers/opl3/built-in.o
  LD      sound/drivers/opl4/built-in.o
  LD      sound/drivers/pcsp/built-in.o
  LD      sound/drivers/vx/built-in.o
  LD      sound/drivers/built-in.o
  LD      sound/firewire/built-in.o
  LD      sound/i2c/other/built-in.o
  LD      sound/i2c/built-in.o
  LD      sound/isa/ad1816a/built-in.o
  LD      sound/isa/ad1848/built-in.o
  LD      sound/isa/cs423x/built-in.o
  LD      sound/isa/es1688/built-in.o
  LD      sound/isa/galaxy/built-in.o
  LD      sound/isa/gus/built-in.o
  LD      sound/isa/msnd/built-in.o
  LD      sound/isa/opti9xx/built-in.o
  LD      sound/isa/sb/built-in.o
  LD      sound/isa/wavefront/built-in.o
  LD      sound/isa/wss/built-in.o
  LD      sound/isa/built-in.o
  LD      sound/mips/built-in.o
  LD      sound/parisc/built-in.o
  LD      sound/pci/ac97/built-in.o
  LD      sound/pci/ali5451/built-in.o
  LD      sound/pci/asihpi/built-in.o
  LD      sound/pci/au88x0/built-in.o
  LD      sound/pci/aw2/built-in.o
  LD      sound/pci/ca0106/built-in.o
  LD      sound/pci/cs46xx/built-in.o
  LD      sound/pci/cs5535audio/built-in.o
  LD      sound/pci/ctxfi/built-in.o
  LD      sound/pci/echoaudio/built-in.o
  LD      sound/pci/emu10k1/built-in.o
  LD      sound/pci/hda/built-in.o
  LD      sound/pci/ice1712/built-in.o
  LD      sound/pci/korg1212/built-in.o
  LD      sound/pci/lola/built-in.o
  LD      sound/pci/lx6464es/built-in.o
  LD      sound/pci/mixart/built-in.o
  LD      sound/pci/nm256/built-in.o
  LD      sound/pci/oxygen/built-in.o
  LD      sound/pci/pcxhr/built-in.o
  LD      sound/pci/riptide/built-in.o
  LD      sound/pci/rme9652/built-in.o
  LD      sound/pci/trident/built-in.o
  LD      sound/pci/vx222/built-in.o
  LD      sound/pci/ymfpci/built-in.o
  LD      sound/pci/built-in.o
  LD      sound/pcmcia/pdaudiocf/built-in.o
  LD      sound/pcmcia/vx/built-in.o
  LD      sound/pcmcia/built-in.o
  LD      sound/ppc/built-in.o
  LD      sound/sh/built-in.o
  CC      sound/soc/soc-core.o
  CC      sound/soc/soc-dapm.o
  CC      sound/soc/soc-jack.o
  CC      sound/soc/soc-cache.o
  CC      sound/soc/soc-utils.o
  LD      sound/soc/snd-soc-core.o
  LD      sound/soc/atmel/built-in.o
  LD      sound/soc/au1x/built-in.o
  LD      sound/soc/blackfin/built-in.o
  CC      sound/soc/codecs/rt5625.o
sound/soc/codecs/rt5625.c:262:12: warning: 'rt5625_index_update_bits' defined but not used [-Wunused-function]
sound/soc/codecs/rt5625.c:371:21: warning: 'rt5625_dsp_read' defined but not used [-Wunused-function]
  LD      sound/soc/codecs/snd-soc-rt5625.o
  LD      sound/soc/codecs/built-in.o
  LD      sound/soc/davinci/built-in.o
  LD      sound/soc/ep93xx/built-in.o
  LD      sound/soc/fsl/built-in.o
  LD      sound/soc/imx/built-in.o
  LD      sound/soc/jz4740/built-in.o
  LD      sound/soc/kirkwood/built-in.o
  LD      sound/soc/mid-x86/built-in.o
  LD      sound/soc/nuc900/built-in.o
  LD      sound/soc/omap/built-in.o
  LD      sound/soc/pxa/built-in.o
  LD      sound/soc/s6000/built-in.o
  LD      sound/soc/samsung/built-in.o
  LD      sound/soc/sh/built-in.o
  CC      sound/soc/tcc/tcc_board_rt5625.o
sound/soc/tcc/tcc_board_rt5625.c:75:13: warning: function declaration isn't a prototype [-Wstrict-prototypes]
sound/soc/tcc/tcc_board_rt5625.c:80:13: warning: function declaration isn't a prototype [-Wstrict-prototypes]
sound/soc/tcc/tcc_board_rt5625.c:85:13: warning: function declaration isn't a prototype [-Wstrict-prototypes]
sound/soc/tcc/tcc_board_rt5625.c:90:13: warning: function declaration isn't a prototype [-Wstrict-prototypes]
sound/soc/tcc/tcc_board_rt5625.c: In function 'tcc_rt5625_init':
sound/soc/tcc/tcc_board_rt5625.c:335:6: warning: unused variable 'i' [-Wunused-variable]
sound/soc/tcc/tcc_board_rt5625.c: At top level:
sound/soc/tcc/tcc_board_rt5625.c:392:9: warning: initialization from incompatible pointer type [enabled by default]
sound/soc/tcc/tcc_board_rt5625.c:392:9: warning: (near initialization for 'tcc_dai[1].init') [enabled by default]
sound/soc/tcc/tcc_board_rt5625.c: In function 'tcc_spk_hw_mute':
sound/soc/tcc/tcc_board_rt5625.c:118:1: warning: control reaches end of non-void function [-Wreturn-type]
sound/soc/tcc/tcc_board_rt5625.c: In function 'tcc_hp_hw_mute':
sound/soc/tcc/tcc_board_rt5625.c:109:1: warning: control reaches end of non-void function [-Wreturn-type]
sound/soc/tcc/tcc_board_rt5625.c: In function 'tcc_hp_is_valid':
sound/soc/tcc/tcc_board_rt5625.c:100:1: warning: control reaches end of non-void function [-Wreturn-type]
  CC      sound/soc/tcc/tcc-i2s.o
sound/soc/tcc/tcc-i2s.c: In function 'tcc_i2s_init':
sound/soc/tcc/tcc-i2s.c:276:16: warning: unused variable 'pPIC' [-Wunused-variable]
  CC      sound/soc/tcc/tcc-pcm.o
sound/soc/tcc/tcc-pcm.c:988:1: warning: 'DMA_nnBIT_MASK' is deprecated [-Wdeprecated-declarations]
sound/soc/tcc/tcc-pcm.c: In function 'tcc_pcm_new':
sound/soc/tcc/tcc-pcm.c:1003:9: warning: 'DMA_nnBIT_MASK' is deprecated [-Wdeprecated-declarations]
  CC      sound/soc/tcc/tcc/tca_tcchwcontrol.o
sound/soc/tcc/tcc/tca_tcchwcontrol.c: In function 'tca_dma_control':
sound/soc/tcc/tcc/tca_tcchwcontrol.c:316:11: warning: unused variable 'pStrADMADAIBaseReg' [-Wunused-variable]
  LD      sound/soc/tcc/snd-soc-tcc-pcm.o
  LD      sound/soc/tcc/snd-soc-tcc-i2s.o
  LD      sound/soc/tcc/snd-soc-tcc-board-rt5625.o
  LD      sound/soc/tcc/built-in.o
  LD      sound/soc/tegra/built-in.o
  LD      sound/soc/txx9/built-in.o
  LD      sound/soc/built-in.o
  LD      sound/sparc/built-in.o
  LD      sound/spi/built-in.o
  LD      sound/synth/built-in.o
  LD      sound/usb/6fire/built-in.o
  LD      sound/usb/caiaq/built-in.o
  LD      sound/usb/misc/built-in.o
  LD      sound/usb/usx2y/built-in.o
  LD      sound/usb/built-in.o
  CC      sound/last.o
  LD      sound/built-in.o
  LD      firmware/built-in.o
  CC      net/socket.o
  LD      net/802/built-in.o
  CC      net/core/sock.o
  CC      net/core/request_sock.o
  CC      net/core/skbuff.o
  CC      net/core/iovec.o
  CC      net/core/datagram.o
  CC      net/core/stream.o
  CC      net/core/scm.o
  CC      net/core/gen_stats.o
  CC      net/core/gen_estimator.o
  CC      net/core/net_namespace.o
  CC      net/core/secure_seq.o
  CC      net/core/sysctl_net_core.o
  CC      net/core/dev.o
  CC      net/core/ethtool.o
  CC      net/core/dev_addr_lists.o
  CC      net/core/dst.o
  CC      net/core/netevent.o
  CC      net/core/neighbour.o
  CC      net/core/rtnetlink.o
  CC      net/core/utils.o
  CC      net/core/link_watch.o
  CC      net/core/filter.o
  CC      net/core/flow.o
  CC      net/core/net-sysfs.o
  CC      net/core/fib_rules.o
  LD      net/core/built-in.o
  CC      net/ethernet/eth.o
  LD      net/ethernet/built-in.o
  CC      net/ipv4/route.o
  CC      net/ipv4/inetpeer.o
  CC      net/ipv4/protocol.o
  CC      net/ipv4/ip_input.o
  CC      net/ipv4/ip_fragment.o
  CC      net/ipv4/ip_forward.o
  CC      net/ipv4/ip_options.o
  CC      net/ipv4/ip_output.o
  CC      net/ipv4/ip_sockglue.o
  CC      net/ipv4/inet_hashtables.o
  CC      net/ipv4/inet_timewait_sock.o
  CC      net/ipv4/inet_connection_sock.o
  CC      net/ipv4/tcp.o
net/ipv4/tcp.c: In function 'tcp_nuke_addr':
include/net/ipv6.h:338:17: warning: 'in6' may be used uninitialized in this function [-Wmaybe-uninitialized]
net/ipv4/tcp.c:3357:19: note: 'in6' was declared here
  CC      net/ipv4/tcp_input.o
  CC      net/ipv4/tcp_output.o
  CC      net/ipv4/tcp_timer.o
  CC      net/ipv4/tcp_ipv4.o
  CC      net/ipv4/tcp_minisocks.o
  CC      net/ipv4/tcp_cong.o
  CC      net/ipv4/datagram.o
  CC      net/ipv4/raw.o
  CC      net/ipv4/udp.o
  CC      net/ipv4/udplite.o
  CC      net/ipv4/arp.o
  CC      net/ipv4/icmp.o
  CC      net/ipv4/devinet.o
  CC      net/ipv4/af_inet.o
  CC      net/ipv4/igmp.o
  CC      net/ipv4/fib_frontend.o
  CC      net/ipv4/fib_semantics.o
  CC      net/ipv4/fib_trie.o
  CC      net/ipv4/inet_fragment.o
  CC      net/ipv4/ping.o
  CC      net/ipv4/sysctl_net_ipv4.o
  CC      net/ipv4/sysfs_net_ipv4.o
  CC      net/ipv4/proc.o
  CC      net/ipv4/fib_rules.o
  CC      net/ipv4/esp4.o
  CC      net/ipv4/tunnel4.o
  CC      net/ipv4/xfrm4_mode_transport.o
  CC      net/ipv4/ipconfig.o
  CC      net/ipv4/netfilter.o
  CC      net/ipv4/netfilter/nf_nat_rule.o
  CC      net/ipv4/netfilter/nf_nat_standalone.o
net/ipv4/netfilter/nf_nat_standalone.c: In function 'nf_nat_standalone_init':
net/ipv4/netfilter/nf_nat_standalone.c:287:2: warning: the comparison will always evaluate as 'true' for the address of 'nat_decode_session' will never be NULL [-Waddress]
  CC      net/ipv4/netfilter/nf_conntrack_l3proto_ipv4_compat.o
  CC      net/ipv4/netfilter/nf_conntrack_l3proto_ipv4.o
  CC      net/ipv4/netfilter/nf_conntrack_proto_icmp.o
  CC      net/ipv4/netfilter/nf_nat_core.o
net/ipv4/netfilter/nf_nat_core.c: In function 'nf_nat_protocol_unregister':
net/ipv4/netfilter/nf_nat_core.c:528:2: warning: the comparison will always evaluate as 'true' for the address of 'nf_nat_unknown_protocol' will never be NULL [-Waddress]
net/ipv4/netfilter/nf_nat_core.c: In function 'nf_nat_init':
net/ipv4/netfilter/nf_nat_core.c:739:3: warning: the comparison will always evaluate as 'true' for the address of 'nf_nat_unknown_protocol' will never be NULL [-Waddress]
net/ipv4/netfilter/nf_nat_core.c:740:2: warning: the comparison will always evaluate as 'true' for the address of 'nf_nat_protocol_tcp' will never be NULL [-Waddress]
net/ipv4/netfilter/nf_nat_core.c:741:2: warning: the comparison will always evaluate as 'true' for the address of 'nf_nat_protocol_udp' will never be NULL [-Waddress]
net/ipv4/netfilter/nf_nat_core.c:742:2: warning: the comparison will always evaluate as 'true' for the address of 'nf_nat_protocol_icmp' will never be NULL [-Waddress]
net/ipv4/netfilter/nf_nat_core.c:751:2: warning: the comparison will always evaluate as 'true' for the address of 'nf_nat_seq_adjust' will never be NULL [-Waddress]
net/ipv4/netfilter/nf_nat_core.c:753:2: warning: the comparison will always evaluate as 'true' for the address of 'nfnetlink_parse_nat_setup' will never be NULL [-Waddress]
net/ipv4/netfilter/nf_nat_core.c:756:2: warning: the comparison will always evaluate as 'true' for the address of 'nf_nat_get_offset' will never be NULL [-Waddress]
  CC      net/ipv4/netfilter/nf_nat_helper.o
  CC      net/ipv4/netfilter/nf_nat_proto_unknown.o
  CC      net/ipv4/netfilter/nf_nat_proto_common.o
  CC      net/ipv4/netfilter/nf_nat_proto_tcp.o
  CC      net/ipv4/netfilter/nf_nat_proto_udp.o
  CC      net/ipv4/netfilter/nf_nat_proto_icmp.o
  LD      net/ipv4/netfilter/nf_conntrack_ipv4.o
  LD      net/ipv4/netfilter/nf_nat.o
  CC      net/ipv4/netfilter/nf_defrag_ipv4.o
  CC      net/ipv4/netfilter/nf_nat_amanda.o
net/ipv4/netfilter/nf_nat_amanda.c: In function 'nf_nat_amanda_init':
net/ipv4/netfilter/nf_nat_amanda.c:80:2: warning: the comparison will always evaluate as 'true' for the address of 'help' will never be NULL [-Waddress]
  CC      net/ipv4/netfilter/nf_nat_ftp.o
net/ipv4/netfilter/nf_nat_ftp.c: In function 'nf_nat_ftp_init':
net/ipv4/netfilter/nf_nat_ftp.c:123:2: warning: the comparison will always evaluate as 'true' for the address of 'nf_nat_ftp' will never be NULL [-Waddress]
  CC      net/ipv4/netfilter/nf_nat_h323.o
net/ipv4/netfilter/nf_nat_h323.c: In function 'init':
net/ipv4/netfilter/nf_nat_h323.c:584:2: warning: the comparison will always evaluate as 'true' for the address of 'set_h245_addr' will never be NULL [-Waddress]
net/ipv4/netfilter/nf_nat_h323.c:585:2: warning: the comparison will always evaluate as 'true' for the address of 'set_h225_addr' will never be NULL [-Waddress]
net/ipv4/netfilter/nf_nat_h323.c:586:2: warning: the comparison will always evaluate as 'true' for the address of 'set_sig_addr' will never be NULL [-Waddress]
net/ipv4/netfilter/nf_nat_h323.c:587:2: warning: the comparison will always evaluate as 'true' for the address of 'set_ras_addr' will never be NULL [-Waddress]
net/ipv4/netfilter/nf_nat_h323.c:588:2: warning: the comparison will always evaluate as 'true' for the address of 'nat_rtp_rtcp' will never be NULL [-Waddress]
net/ipv4/netfilter/nf_nat_h323.c:589:2: warning: the comparison will always evaluate as 'true' for the address of 'nat_t120' will never be NULL [-Waddress]
net/ipv4/netfilter/nf_nat_h323.c:590:2: warning: the comparison will always evaluate as 'true' for the address of 'nat_h245' will never be NULL [-Waddress]
net/ipv4/netfilter/nf_nat_h323.c:591:2: warning: the comparison will always evaluate as 'true' for the address of 'nat_callforwarding' will never be NULL [-Waddress]
net/ipv4/netfilter/nf_nat_h323.c:592:2: warning: the comparison will always evaluate as 'true' for the address of 'nat_q931' will never be NULL [-Waddress]
  CC      net/ipv4/netfilter/nf_nat_irc.o
net/ipv4/netfilter/nf_nat_irc.c: In function 'nf_nat_irc_init':
net/ipv4/netfilter/nf_nat_irc.c:85:2: warning: the comparison will always evaluate as 'true' for the address of 'help' will never be NULL [-Waddress]
  CC      net/ipv4/netfilter/nf_nat_pptp.o
net/ipv4/netfilter/nf_nat_pptp.c: In function 'nf_nat_helper_pptp_init':
net/ipv4/netfilter/nf_nat_pptp.c:285:2: warning: the comparison will always evaluate as 'true' for the address of 'pptp_outbound_pkt' will never be NULL [-Waddress]
net/ipv4/netfilter/nf_nat_pptp.c:288:2: warning: the comparison will always evaluate as 'true' for the address of 'pptp_inbound_pkt' will never be NULL [-Waddress]
net/ipv4/netfilter/nf_nat_pptp.c:291:2: warning: the comparison will always evaluate as 'true' for the address of 'pptp_exp_gre' will never be NULL [-Waddress]
net/ipv4/netfilter/nf_nat_pptp.c:294:2: warning: the comparison will always evaluate as 'true' for the address of 'pptp_nat_expected' will never be NULL [-Waddress]
  CC      net/ipv4/netfilter/nf_nat_sip.o
net/ipv4/netfilter/nf_nat_sip.c: In function 'nf_nat_sip_init':
net/ipv4/netfilter/nf_nat_sip.c:550:2: warning: the comparison will always evaluate as 'true' for the address of 'ip_nat_sip' will never be NULL [-Waddress]
net/ipv4/netfilter/nf_nat_sip.c:551:2: warning: the comparison will always evaluate as 'true' for the address of 'ip_nat_sip_seq_adjust' will never be NULL [-Waddress]
net/ipv4/netfilter/nf_nat_sip.c:552:2: warning: the comparison will always evaluate as 'true' for the address of 'ip_nat_sip_expect' will never be NULL [-Waddress]
net/ipv4/netfilter/nf_nat_sip.c:553:2: warning: the comparison will always evaluate as 'true' for the address of 'ip_nat_sdp_addr' will never be NULL [-Waddress]
net/ipv4/netfilter/nf_nat_sip.c:554:2: warning: the comparison will always evaluate as 'true' for the address of 'ip_nat_sdp_port' will never be NULL [-Waddress]
net/ipv4/netfilter/nf_nat_sip.c:555:2: warning: the comparison will always evaluate as 'true' for the address of 'ip_nat_sdp_session' will never be NULL [-Waddress]
net/ipv4/netfilter/nf_nat_sip.c:556:2: warning: the comparison will always evaluate as 'true' for the address of 'ip_nat_sdp_media' will never be NULL [-Waddress]
  CC      net/ipv4/netfilter/nf_nat_tftp.o
net/ipv4/netfilter/nf_nat_tftp.c: In function 'nf_nat_tftp_init':
net/ipv4/netfilter/nf_nat_tftp.c:46:2: warning: the comparison will always evaluate as 'true' for the address of 'help' will never be NULL [-Waddress]
  CC      net/ipv4/netfilter/nf_nat_proto_dccp.o
  CC      net/ipv4/netfilter/nf_nat_proto_gre.o
  CC      net/ipv4/netfilter/nf_nat_proto_udplite.o
  CC      net/ipv4/netfilter/nf_nat_proto_sctp.o
  CC      net/ipv4/netfilter/ip_tables.o
  CC      net/ipv4/netfilter/iptable_filter.o
  CC      net/ipv4/netfilter/iptable_mangle.o
  LD      net/ipv4/netfilter/iptable_nat.o
  CC      net/ipv4/netfilter/ipt_ah.o
  CC      net/ipv4/netfilter/ipt_ecn.o
  CC      net/ipv4/netfilter/ipt_LOG.o
In file included from net/ipv4/netfilter/ipt_LOG.c:27:0:
include/net/netfilter/xt_log.h: In function 'sb_close':
include/net/netfilter/xt_log.h:50:3: warning: value computed is not used [-Wunused-value]
  CC      net/ipv4/netfilter/ipt_MASQUERADE.o
  CC      net/ipv4/netfilter/ipt_NETMAP.o
  CC      net/ipv4/netfilter/ipt_REDIRECT.o
  CC      net/ipv4/netfilter/ipt_REJECT.o
  CC      net/ipv4/netfilter/arp_tables.o
  CC      net/ipv4/netfilter/arpt_mangle.o
  CC      net/ipv4/netfilter/arptable_filter.o
  LD      net/ipv4/netfilter/built-in.o
  CC      net/ipv4/inet_diag.o
  CC      net/ipv4/tcp_diag.o
  CC      net/ipv4/tcp_cubic.o
  CC      net/ipv4/xfrm4_policy.o
  CC      net/ipv4/xfrm4_state.o
  CC      net/ipv4/xfrm4_input.o
  CC      net/ipv4/xfrm4_output.o
  LD      net/ipv4/built-in.o
  CC      net/ipv6/af_inet6.o
  CC      net/ipv6/anycast.o
  CC      net/ipv6/ip6_output.o
  CC      net/ipv6/ip6_input.o
  CC      net/ipv6/addrconf.o
  CC      net/ipv6/addrlabel.o
  CC      net/ipv6/route.o
  CC      net/ipv6/ip6_fib.o
  CC      net/ipv6/ipv6_sockglue.o
  CC      net/ipv6/ndisc.o
  CC      net/ipv6/udp.o
  CC      net/ipv6/udplite.o
  CC      net/ipv6/raw.o
  CC      net/ipv6/protocol.o
  CC      net/ipv6/icmp.o
  CC      net/ipv6/mcast.o
  CC      net/ipv6/reassembly.o
  CC      net/ipv6/tcp_ipv6.o
  CC      net/ipv6/exthdrs.o
  CC      net/ipv6/datagram.o
  CC      net/ipv6/ip6_flowlabel.o
  CC      net/ipv6/inet6_connection_sock.o
  CC      net/ipv6/sysctl_net_ipv6.o
  CC      net/ipv6/xfrm6_policy.o
  CC      net/ipv6/xfrm6_state.o
  CC      net/ipv6/xfrm6_input.o
  CC      net/ipv6/xfrm6_output.o
  CC      net/ipv6/netfilter.o
  CC      net/ipv6/fib6_rules.o
  CC      net/ipv6/proc.o
  LD      net/ipv6/ipv6.o
  CC      net/ipv6/ah6.o
  CC      net/ipv6/esp6.o
  CC      net/ipv6/ipcomp6.o
  CC      net/ipv6/xfrm6_tunnel.o
  CC      net/ipv6/tunnel6.o
  CC      net/ipv6/xfrm6_mode_transport.o
  CC      net/ipv6/xfrm6_mode_tunnel.o
  CC      net/ipv6/xfrm6_mode_beet.o
  CC      net/ipv6/mip6.o
  CC      net/ipv6/netfilter/ip6_tables.o
  CC      net/ipv6/netfilter/ip6table_filter.o
  CC      net/ipv6/netfilter/ip6table_mangle.o
  CC      net/ipv6/netfilter/nf_defrag_ipv6_hooks.o
  CC      net/ipv6/netfilter/nf_conntrack_reasm.o
  LD      net/ipv6/netfilter/nf_defrag_ipv6.o
  LD      net/ipv6/netfilter/built-in.o
  CC      net/ipv6/sit.o
  CC      net/ipv6/ip6_tunnel.o
  CC      net/ipv6/addrconf_core.o
  CC      net/ipv6/exthdrs_core.o
  CC      net/ipv6/inet6_hashtables.o
  LD      net/ipv6/built-in.o
  CC      net/key/af_key.o
  LD      net/key/built-in.o
  CC      net/netfilter/core.o
  CC      net/netfilter/nf_log.o
  CC      net/netfilter/nf_queue.o
  CC      net/netfilter/nf_sockopt.o
  CC      net/netfilter/nf_conntrack_core.o
net/netfilter/nf_conntrack_core.c: In function 'nf_conntrack_init':
net/netfilter/nf_conntrack_core.c:1579:3: warning: the comparison will always evaluate as 'true' for the address of 'nf_conntrack_attach' will never be NULL [-Waddress]
net/netfilter/nf_conntrack_core.c:1580:3: warning: the comparison will always evaluate as 'true' for the address of 'destroy_conntrack' will never be NULL [-Waddress]
  CC      net/netfilter/nf_conntrack_standalone.o
  CC      net/netfilter/nf_conntrack_expect.o
  CC      net/netfilter/nf_conntrack_helper.o
  CC      net/netfilter/nf_conntrack_proto.o
net/netfilter/nf_conntrack_proto.c: In function 'nf_conntrack_l3proto_unregister':
net/netfilter/nf_conntrack_proto.c:210:2: warning: the comparison will always evaluate as 'true' for the address of 'nf_conntrack_l3proto_generic' will never be NULL [-Waddress]
net/netfilter/nf_conntrack_proto.c: In function 'nf_conntrack_l4proto_unregister':
net/netfilter/nf_conntrack_proto.c:345:2: warning: the comparison will always evaluate as 'true' for the address of 'nf_conntrack_l4proto_generic' will never be NULL [-Waddress]
net/netfilter/nf_conntrack_proto.c: In function 'nf_conntrack_proto_init':
net/netfilter/nf_conntrack_proto.c:370:3: warning: the comparison will always evaluate as 'true' for the address of 'nf_conntrack_l3proto_generic' will never be NULL [-Waddress]
  CC      net/netfilter/nf_conntrack_l3proto_generic.o
  CC      net/netfilter/nf_conntrack_proto_generic.o
  CC      net/netfilter/nf_conntrack_proto_tcp.o
  CC      net/netfilter/nf_conntrack_proto_udp.o
  CC      net/netfilter/nf_conntrack_extend.o
  CC      net/netfilter/nf_conntrack_acct.o
  CC      net/netfilter/nf_conntrack_ecache.o
  CC      net/netfilter/nf_conntrack_h323_main.o
  CC      net/netfilter/nf_conntrack_h323_asn1.o
  LD      net/netfilter/netfilter.o
  CC      net/netfilter/nfnetlink.o
  CC      net/netfilter/nfnetlink_queue.o
  CC      net/netfilter/nfnetlink_log.o
  LD      net/netfilter/nf_conntrack.o
  CC      net/netfilter/nf_conntrack_proto_dccp.o
  CC      net/netfilter/nf_conntrack_proto_gre.o
  CC      net/netfilter/nf_conntrack_proto_sctp.o
  CC      net/netfilter/nf_conntrack_proto_udplite.o
  CC      net/netfilter/nf_conntrack_netlink.o
  CC      net/netfilter/nf_conntrack_amanda.o
  CC      net/netfilter/nf_conntrack_ftp.o
  LD      net/netfilter/nf_conntrack_h323.o
  CC      net/netfilter/nf_conntrack_irc.o
  CC      net/netfilter/nf_conntrack_broadcast.o
  CC      net/netfilter/nf_conntrack_netbios_ns.o
  CC      net/netfilter/nf_conntrack_pptp.o
  CC      net/netfilter/nf_conntrack_sane.o
  CC      net/netfilter/nf_conntrack_sip.o
  CC      net/netfilter/nf_conntrack_tftp.o
  CC      net/netfilter/nf_tproxy_core.o
  CC      net/netfilter/x_tables.o
  CC      net/netfilter/xt_tcpudp.o
  CC      net/netfilter/xt_mark.o
  CC      net/netfilter/xt_connmark.o
  CC      net/netfilter/xt_CLASSIFY.o
  CC      net/netfilter/xt_LED.o
  CC      net/netfilter/xt_NFLOG.o
  CC      net/netfilter/xt_NFQUEUE.o
  CC      net/netfilter/xt_comment.o
  CC      net/netfilter/xt_connlimit.o
  CC      net/netfilter/xt_conntrack.o
  CC      net/netfilter/xt_helper.o
  CC      net/netfilter/xt_hl.o
  CC      net/netfilter/xt_iprange.o
  CC      net/netfilter/xt_length.o
  CC      net/netfilter/xt_limit.o
  CC      net/netfilter/xt_mac.o
  CC      net/netfilter/xt_multiport.o
  CC      net/netfilter/xt_pkttype.o
  CC      net/netfilter/xt_policy.o
  CC      net/netfilter/xt_qtaguid_print.o
  CC      net/netfilter/xt_qtaguid.o
  CC      net/netfilter/xt_quota.o
  CC      net/netfilter/xt_quota2.o
  CC      net/netfilter/xt_socket.o
  CC      net/netfilter/xt_state.o
  CC      net/netfilter/xt_statistic.o
  CC      net/netfilter/xt_string.o
  CC      net/netfilter/xt_time.o
  CC      net/netfilter/xt_u32.o
  LD      net/netfilter/built-in.o
  CC      net/netlink/af_netlink.o
  CC      net/netlink/genetlink.o
  LD      net/netlink/built-in.o
  CC      net/packet/af_packet.o
  LD      net/packet/built-in.o
  CC      net/rfkill/core.o
  LD      net/rfkill/rfkill.o
  LD      net/rfkill/built-in.o
  CC      net/sched/sch_generic.o
net/sched/sch_generic.c: In function 'dev_graft_qdisc':
net/sched/sch_generic.c:678:2: warning: the comparison will always evaluate as 'true' for the address of 'noop_qdisc' will never be NULL [-Waddress]
  CC      net/sched/sch_mq.o
  CC      net/sched/sch_api.o
  CC      net/sched/sch_blackhole.o
  CC      net/sched/sch_fifo.o
  CC      net/sched/sch_htb.o
  CC      net/sched/sch_sfq.o
  CC      net/sched/sch_tbf.o
  CC      net/sched/sch_prio.o
  LD      net/sched/built-in.o
  CC      net/unix/af_unix.o
  CC      net/unix/garbage.o
  CC      net/unix/sysctl_net_unix.o
  LD      net/unix/unix.o
  LD      net/unix/built-in.o
  CC      net/wireless/core.o
  CC      net/wireless/sysfs.o
  CC      net/wireless/radiotap.o
  CC      net/wireless/util.o
  CC      net/wireless/reg.o
  CC      net/wireless/scan.o
  CC      net/wireless/nl80211.o
  CC      net/wireless/mlme.o
  CC      net/wireless/ibss.o
  CC      net/wireless/sme.o
  CC      net/wireless/chan.o
  CC      net/wireless/ethtool.o
  CC      net/wireless/mesh.o
  LD      net/wireless/cfg80211.o
  CC      net/wireless/wext-core.o
  CC      net/wireless/wext-proc.o
  CC      net/wireless/wext-priv.o
  LD      net/wireless/built-in.o
  CC      net/xfrm/xfrm_policy.o
  CC      net/xfrm/xfrm_state.o
  CC      net/xfrm/xfrm_hash.o
  CC      net/xfrm/xfrm_input.o
  CC      net/xfrm/xfrm_output.o
  CC      net/xfrm/xfrm_algo.o
  CC      net/xfrm/xfrm_sysctl.o
  CC      net/xfrm/xfrm_replay.o
  CC      net/xfrm/xfrm_ipcomp.o
  LD      net/xfrm/built-in.o
  CC      net/sysctl_net.o
  CC      net/activity_stats.o
  LD      net/built-in.o
  LD      arch/arm/lib/built-in.o
  AS      arch/arm/lib/ashldi3.o
  AS      arch/arm/lib/ashrdi3.o
  AS      arch/arm/lib/backtrace.o
  AS      arch/arm/lib/changebit.o
  AS      arch/arm/lib/clear_user.o
  AS      arch/arm/lib/clearbit.o
  AS      arch/arm/lib/copy_from_user.o
  AS      arch/arm/lib/copy_page.o
  AS      arch/arm/lib/copy_to_user.o
  AS      arch/arm/lib/csumipv6.o
  AS      arch/arm/lib/csumpartial.o
  AS      arch/arm/lib/csumpartialcopy.o
  AS      arch/arm/lib/csumpartialcopyuser.o
  AS      arch/arm/lib/delay.o
  AS      arch/arm/lib/div64.o
  AS      arch/arm/lib/findbit.o
  AS      arch/arm/lib/getuser.o
  AS      arch/arm/lib/io-readsb.o
  AS      arch/arm/lib/io-readsl.o
  AS      arch/arm/lib/io-readsw-armv4.o
  AS      arch/arm/lib/io-writesb.o
  AS      arch/arm/lib/io-writesl.o
  AS      arch/arm/lib/io-writesw-armv4.o
  AS      arch/arm/lib/lib1funcs.o
  AS      arch/arm/lib/lshrdi3.o
  AS      arch/arm/lib/memchr.o
  AS      arch/arm/lib/memcpy.o
  AS      arch/arm/lib/memmove.o
  AS      arch/arm/lib/memset.o
  AS      arch/arm/lib/memzero.o
  AS      arch/arm/lib/muldi3.o
  AS      arch/arm/lib/putuser.o
  AS      arch/arm/lib/setbit.o
  AS      arch/arm/lib/sha1.o
  AS      arch/arm/lib/strchr.o
  AS      arch/arm/lib/strncpy_from_user.o
  AS      arch/arm/lib/strnlen_user.o
  AS      arch/arm/lib/strrchr.o
  AS      arch/arm/lib/testchangebit.o
  AS      arch/arm/lib/testclearbit.o
  AS      arch/arm/lib/testsetbit.o
  AS      arch/arm/lib/ucmpdi2.o
  AR      arch/arm/lib/lib.a
  CC      lib/bcd.o
  CC      lib/div64.o
  CC      lib/sort.o
  CC      lib/parser.o
  CC      lib/halfmd4.o
  CC      lib/debug_locks.o
  CC      lib/random32.o
  CC      lib/bust_spinlocks.o
  CC      lib/hexdump.o
  CC      lib/kasprintf.o
  CC      lib/bitmap.o
  CC      lib/scatterlist.o
  CC      lib/string_helpers.o
  CC      lib/gcd.o
  CC      lib/lcm.o
  CC      lib/list_sort.o
  CC      lib/uuid.o
  CC      lib/flex_array.o
  CC      lib/bsearch.o
  CC      lib/find_last_bit.o
  CC      lib/kstrtox.o
  CC      lib/iomap_copy.o
  CC      lib/devres.o
  CC      lib/spinlock_debug.o
  CC      lib/hweight.o
  CC      lib/smp_processor_id.o
  CC      lib/bitrev.o
  CC      lib/crc-ccitt.o
  CC      lib/crc16.o
  HOSTCC  lib/gen_crc32table
  GEN     lib/crc32table.h
  CC      lib/crc32.o
  CC      lib/libcrc32c.o
  CC      lib/zlib_deflate/deflate.o
  CC      lib/zlib_deflate/deftree.o
  CC      lib/zlib_deflate/deflate_syms.o
  LD      lib/zlib_deflate/zlib_deflate.o
  LD      lib/zlib_deflate/built-in.o
  CC      lib/zlib_inflate/inffast.o
  CC      lib/zlib_inflate/inflate.o
  CC      lib/zlib_inflate/infutil.o
  CC      lib/zlib_inflate/inftrees.o
  CC      lib/zlib_inflate/inflate_syms.o
  LD      lib/zlib_inflate/zlib_inflate.o
  LD      lib/zlib_inflate/built-in.o
  CC      lib/textsearch.o
  CC      lib/ts_kmp.o
  CC      lib/ts_bm.o
  CC      lib/ts_fsm.o
  CC      lib/nlattr.o
  LD      lib/built-in.o
  CC      lib/argv_split.o
  CC      lib/cmdline.o
  CC      lib/ctype.o
  CC      lib/dec_and_lock.o
  CC      lib/decompress.o
  CC      lib/decompress_inflate.o
  CC      lib/dump_stack.o
  CC      lib/extable.o
  CC      lib/find_next_bit.o
  CC      lib/idr.o
  CC      lib/int_sqrt.o
  CC      lib/ioremap.o
  CC      lib/irq_regs.o
  CC      lib/is_single_threaded.o
  CC      lib/klist.o
  CC      lib/kobject.o
  CC      lib/kobject_uevent.o
  CC      lib/kref.o
  CC      lib/md5.o
  CC      lib/plist.o
  CC      lib/prio_heap.o
  CC      lib/prio_tree.o
  CC      lib/proportions.o
  CC      lib/radix-tree.o
  CC      lib/ratelimit.o
  CC      lib/rbtree.o
  CC      lib/reciprocal_div.o
  CC      lib/rwsem-spinlock.o
  CC      lib/sha1.o
  CC      lib/show_mem.o
  CC      lib/string.o
  CC      lib/timerqueue.o
  CC      lib/vsprintf.o
  AR      lib/lib.a
  LD      vmlinux.o
  MODPOST vmlinux.o
  GEN     .version
  CHK     include/generated/compile.h
  UPD     include/generated/compile.h
  CC      init/version.o
  LD      init/built-in.o
  LD      .tmp_vmlinux1
  KSYM    .tmp_kallsyms1.S
  AS      .tmp_kallsyms1.o
  LD      .tmp_vmlinux2
  KSYM    .tmp_kallsyms2.S
  AS      .tmp_kallsyms2.o
  LD      vmlinux
  SYSMAP  System.map
  SYSMAP  .tmp_System.map
  OBJCOPY arch/arm/boot/Image
  Kernel: arch/arm/boot/Image is ready
